Archive member included because of file (symbol)

/opt/Freescale/KDS_v3/toolchain/bin/../lib/gcc/arm-none-eabi/4.8.4/../../../../arm-none-eabi/lib/armv7e-m/libg_s.a(lib_a-errno.o)
                              ./utilities/fsl_sbrk.o (symbol from plugin) (__errno)
/opt/Freescale/KDS_v3/toolchain/bin/../lib/gcc/arm-none-eabi/4.8.4/../../../../arm-none-eabi/lib/armv7e-m/libg_s.a(lib_a-exit.o)
                              /opt/Freescale/KDS_v3/toolchain/bin/../lib/gcc/arm-none-eabi/4.8.4/../../../../arm-none-eabi/lib/armv7e-m/crt0.o (exit)
/opt/Freescale/KDS_v3/toolchain/bin/../lib/gcc/arm-none-eabi/4.8.4/../../../../arm-none-eabi/lib/armv7e-m/libg_s.a(lib_a-impure.o)
                              /opt/Freescale/KDS_v3/toolchain/bin/../lib/gcc/arm-none-eabi/4.8.4/../../../../arm-none-eabi/lib/armv7e-m/libg_s.a(lib_a-exit.o) (_global_impure_ptr)
/opt/Freescale/KDS_v3/toolchain/bin/../lib/gcc/arm-none-eabi/4.8.4/../../../../arm-none-eabi/lib/armv7e-m/libg_s.a(lib_a-init.o)
                              /opt/Freescale/KDS_v3/toolchain/bin/../lib/gcc/arm-none-eabi/4.8.4/../../../../arm-none-eabi/lib/armv7e-m/crt0.o (__libc_init_array)
/opt/Freescale/KDS_v3/toolchain/bin/../lib/gcc/arm-none-eabi/4.8.4/../../../../arm-none-eabi/lib/armv7e-m/libg_s.a(lib_a-memset.o)
                              /opt/Freescale/KDS_v3/toolchain/bin/../lib/gcc/arm-none-eabi/4.8.4/../../../../arm-none-eabi/lib/armv7e-m/crt0.o (memset)
/opt/Freescale/KDS_v3/toolchain/bin/../lib/gcc/arm-none-eabi/4.8.4/../../../../arm-none-eabi/lib/armv7e-m/libnosys.a(_exit.o)
                              /opt/Freescale/KDS_v3/toolchain/bin/../lib/gcc/arm-none-eabi/4.8.4/../../../../arm-none-eabi/lib/armv7e-m/libg_s.a(lib_a-exit.o) (_exit)
/opt/Freescale/KDS_v3/toolchain/bin/../lib/gcc/arm-none-eabi/4.8.4/../../../../arm-none-eabi/lib/armv7e-m/libg_s.a(lib_a-strlen.o)
                              /tmp/cczKa5sY.ltrans0.ltrans.o (strlen)

Allocating common symbols
Common symbol       size              file

masterReceiveBuffer
                    0x6               ./source/main.o (symbol from plugin)
g_m_handle          0x30              ./source/main.o (symbol from plugin)
slaveSendBuffer     0x6               ./source/main.o (symbol from plugin)
slaveReceiveBuffer  0x6               ./source/main.o (symbol from plugin)
slaveXfer           0x10              ./source/main.o (symbol from plugin)
s_saiHandle         0x8               ./drivers/fsl_sai.o (symbol from plugin)
masterXfer          0x10              ./source/main.o (symbol from plugin)
g_xtal32Freq        0x4               ./drivers/fsl_clock.o (symbol from plugin)
g_s_handle          0x2c              ./source/main.o (symbol from plugin)
g_xtal0Freq         0x4               ./drivers/fsl_clock.o (symbol from plugin)
masterSendBuffer    0x6               ./source/main.o (symbol from plugin)

Discarded input sections

 .text          0x00000000        0x0 /opt/Freescale/KDS_v3/toolchain/bin/../lib/gcc/arm-none-eabi/4.8.4/armv7e-m/crti.o
 .data          0x00000000        0x0 /opt/Freescale/KDS_v3/toolchain/bin/../lib/gcc/arm-none-eabi/4.8.4/armv7e-m/crti.o
 .bss           0x00000000        0x0 /opt/Freescale/KDS_v3/toolchain/bin/../lib/gcc/arm-none-eabi/4.8.4/armv7e-m/crti.o
 .data          0x00000000        0x4 /opt/Freescale/KDS_v3/toolchain/bin/../lib/gcc/arm-none-eabi/4.8.4/armv7e-m/crtbegin.o
 .data          0x00000000        0x0 /opt/Freescale/KDS_v3/toolchain/bin/../lib/gcc/arm-none-eabi/4.8.4/../../../../arm-none-eabi/lib/armv7e-m/crt0.o
 .bss           0x00000000        0x0 /opt/Freescale/KDS_v3/toolchain/bin/../lib/gcc/arm-none-eabi/4.8.4/../../../../arm-none-eabi/lib/armv7e-m/crt0.o
 .ARM.extab     0x00000000        0x0 /opt/Freescale/KDS_v3/toolchain/bin/../lib/gcc/arm-none-eabi/4.8.4/../../../../arm-none-eabi/lib/armv7e-m/crt0.o
 .text          0x00000000        0x0 ./utilities/fsl_debug_console.o (symbol from plugin)
 .text          0x00000000        0x0 /tmp/cczKa5sY.ltrans0.ltrans.o
 .data          0x00000000        0x0 /tmp/cczKa5sY.ltrans0.ltrans.o
 .bss           0x00000000        0x0 /tmp/cczKa5sY.ltrans0.ltrans.o
 .text.DbgConsole_Putchar.4142
                0x00000000       0x28 /tmp/cczKa5sY.ltrans0.ltrans.o
 .text.DSPI_SlaveTransferHandleIRQ.4174
                0x00000000      0x170 /tmp/cczKa5sY.ltrans0.ltrans.o
 .text.DSPI_SlaveUserCallback.4136
                0x00000000       0x24 /tmp/cczKa5sY.ltrans0.ltrans.o
 .text.DbgConsole_Printf.constprop.15.4421
                0x00000000       0x30 /tmp/cczKa5sY.ltrans0.ltrans.o
 .text          0x00000000        0x0 /tmp/cczKa5sY.ltrans1.ltrans.o
 .data          0x00000000        0x0 /tmp/cczKa5sY.ltrans1.ltrans.o
 .bss           0x00000000        0x0 /tmp/cczKa5sY.ltrans1.ltrans.o
 .text          0x00000000        0x0 /tmp/cczKa5sY.ltrans2.ltrans.o
 .data          0x00000000        0x0 /tmp/cczKa5sY.ltrans2.ltrans.o
 .bss           0x00000000        0x0 /tmp/cczKa5sY.ltrans2.ltrans.o
 .text          0x00000000        0x0 /opt/Freescale/KDS_v3/toolchain/bin/../lib/gcc/arm-none-eabi/4.8.4/../../../../arm-none-eabi/lib/armv7e-m/libg_s.a(lib_a-strlen.o)
 .data          0x00000000        0x0 /opt/Freescale/KDS_v3/toolchain/bin/../lib/gcc/arm-none-eabi/4.8.4/../../../../arm-none-eabi/lib/armv7e-m/libg_s.a(lib_a-strlen.o)
 .bss           0x00000000        0x0 /opt/Freescale/KDS_v3/toolchain/bin/../lib/gcc/arm-none-eabi/4.8.4/../../../../arm-none-eabi/lib/armv7e-m/libg_s.a(lib_a-strlen.o)
 .text          0x00000000        0x0 ./utilities/fsl_notifier.o (symbol from plugin)
 .text          0x00000000        0x0 ./utilities/fsl_sbrk.o (symbol from plugin)
 .text          0x00000000        0x0 ./utilities/fsl_shell.o (symbol from plugin)
 .data          0x00000000        0x0 ./startup/startup_MK20D10.o
 .bss           0x00000000        0x0 ./startup/startup_MK20D10.o
 .text          0x00000000        0x0 ./startup/system_MK20D10.o (symbol from plugin)
 .text          0x00000000        0x0 ./source/gpio_ext.o (symbol from plugin)
 .text          0x00000000        0x0 ./source/main.o (symbol from plugin)
 .text          0x00000000        0x0 ./drivers/fsl_adc16.o (symbol from plugin)
 .text          0x00000000        0x0 ./drivers/fsl_clock.o (symbol from plugin)
 .text          0x00000000        0x0 ./drivers/fsl_cmp.o (symbol from plugin)
 .text          0x00000000        0x0 ./drivers/fsl_cmt.o (symbol from plugin)
 .text          0x00000000        0x0 ./drivers/fsl_common.o (symbol from plugin)
 .text          0x00000000        0x0 ./drivers/fsl_crc.o (symbol from plugin)
 .text          0x00000000        0x0 ./drivers/fsl_dac.o (symbol from plugin)
 .text          0x00000000        0x0 ./drivers/fsl_dmamux.o (symbol from plugin)
 .text          0x00000000        0x0 ./drivers/fsl_dspi.o (symbol from plugin)
 .text          0x00000000        0x0 ./drivers/fsl_edma.o (symbol from plugin)
 .text          0x00000000        0x0 ./drivers/fsl_ewm.o (symbol from plugin)
 .text          0x00000000        0x0 ./drivers/fsl_flash.o (symbol from plugin)
 .text          0x00000000        0x0 ./drivers/fsl_flexbus.o (symbol from plugin)
 .text          0x00000000        0x0 ./drivers/fsl_flexcan.o (symbol from plugin)
 .text          0x00000000        0x0 ./drivers/fsl_ftm.o (symbol from plugin)
 .text          0x00000000        0x0 ./drivers/fsl_gpio.o (symbol from plugin)
 .text          0x00000000        0x0 ./drivers/fsl_i2c.o (symbol from plugin)
 .text          0x00000000        0x0 ./drivers/fsl_i2c_edma.o (symbol from plugin)
 .text          0x00000000        0x0 ./drivers/fsl_llwu.o (symbol from plugin)
 .text          0x00000000        0x0 ./drivers/fsl_lptmr.o (symbol from plugin)
 .text          0x00000000        0x0 ./drivers/fsl_pdb.o (symbol from plugin)
 .text          0x00000000        0x0 ./drivers/fsl_pit.o (symbol from plugin)
 .text          0x00000000        0x0 ./drivers/fsl_pmc.o (symbol from plugin)
 .text          0x00000000        0x0 ./drivers/fsl_rcm.o (symbol from plugin)
 .text          0x00000000        0x0 ./drivers/fsl_rtc.o (symbol from plugin)
 .text          0x00000000        0x0 ./drivers/fsl_sai.o (symbol from plugin)
 .text          0x00000000        0x0 ./drivers/fsl_sai_edma.o (symbol from plugin)
 .text          0x00000000        0x0 ./drivers/fsl_sdhc.o (symbol from plugin)
 .text          0x00000000        0x0 ./drivers/fsl_sim.o (symbol from plugin)
 .text          0x00000000        0x0 ./drivers/fsl_smc.o (symbol from plugin)
 .text          0x00000000        0x0 ./drivers/fsl_sysmpu.o (symbol from plugin)
 .text          0x00000000        0x0 ./drivers/fsl_tsi_v2.o (symbol from plugin)
 .text          0x00000000        0x0 ./drivers/fsl_uart.o (symbol from plugin)
 .text          0x00000000        0x0 ./drivers/fsl_uart_edma.o (symbol from plugin)
 .text          0x00000000        0x0 ./drivers/fsl_vref.o (symbol from plugin)
 .text          0x00000000        0x0 ./drivers/fsl_wdog.o (symbol from plugin)
 .text          0x00000000        0x0 ./board/board.o (symbol from plugin)
 .text          0x00000000        0x0 ./board/clock_config.o (symbol from plugin)
 .text          0x00000000        0x0 ./board/pin_mux.o (symbol from plugin)
 .text          0x00000000        0x0 /opt/Freescale/KDS_v3/toolchain/bin/../lib/gcc/arm-none-eabi/4.8.4/../../../../arm-none-eabi/lib/armv7e-m/libg_s.a(lib_a-errno.o)
 .data          0x00000000        0x0 /opt/Freescale/KDS_v3/toolchain/bin/../lib/gcc/arm-none-eabi/4.8.4/../../../../arm-none-eabi/lib/armv7e-m/libg_s.a(lib_a-errno.o)
 .bss           0x00000000        0x0 /opt/Freescale/KDS_v3/toolchain/bin/../lib/gcc/arm-none-eabi/4.8.4/../../../../arm-none-eabi/lib/armv7e-m/libg_s.a(lib_a-errno.o)
 .text.__errno  0x00000000        0xc /opt/Freescale/KDS_v3/toolchain/bin/../lib/gcc/arm-none-eabi/4.8.4/../../../../arm-none-eabi/lib/armv7e-m/libg_s.a(lib_a-errno.o)
 .ARM.attributes
                0x00000000       0x2e /opt/Freescale/KDS_v3/toolchain/bin/../lib/gcc/arm-none-eabi/4.8.4/../../../../arm-none-eabi/lib/armv7e-m/libg_s.a(lib_a-errno.o)
 .debug_frame   0x00000000       0x20 /opt/Freescale/KDS_v3/toolchain/bin/../lib/gcc/arm-none-eabi/4.8.4/../../../../arm-none-eabi/lib/armv7e-m/libg_s.a(lib_a-errno.o)
 .text          0x00000000        0x0 /opt/Freescale/KDS_v3/toolchain/bin/../lib/gcc/arm-none-eabi/4.8.4/../../../../arm-none-eabi/lib/armv7e-m/libg_s.a(lib_a-exit.o)
 .data          0x00000000        0x0 /opt/Freescale/KDS_v3/toolchain/bin/../lib/gcc/arm-none-eabi/4.8.4/../../../../arm-none-eabi/lib/armv7e-m/libg_s.a(lib_a-exit.o)
 .bss           0x00000000        0x0 /opt/Freescale/KDS_v3/toolchain/bin/../lib/gcc/arm-none-eabi/4.8.4/../../../../arm-none-eabi/lib/armv7e-m/libg_s.a(lib_a-exit.o)
 .text          0x00000000        0x0 /opt/Freescale/KDS_v3/toolchain/bin/../lib/gcc/arm-none-eabi/4.8.4/../../../../arm-none-eabi/lib/armv7e-m/libg_s.a(lib_a-impure.o)
 .data          0x00000000        0x0 /opt/Freescale/KDS_v3/toolchain/bin/../lib/gcc/arm-none-eabi/4.8.4/../../../../arm-none-eabi/lib/armv7e-m/libg_s.a(lib_a-impure.o)
 .bss           0x00000000        0x0 /opt/Freescale/KDS_v3/toolchain/bin/../lib/gcc/arm-none-eabi/4.8.4/../../../../arm-none-eabi/lib/armv7e-m/libg_s.a(lib_a-impure.o)
 .data._impure_ptr
                0x00000000        0x4 /opt/Freescale/KDS_v3/toolchain/bin/../lib/gcc/arm-none-eabi/4.8.4/../../../../arm-none-eabi/lib/armv7e-m/libg_s.a(lib_a-impure.o)
 .text          0x00000000        0x0 /opt/Freescale/KDS_v3/toolchain/bin/../lib/gcc/arm-none-eabi/4.8.4/../../../../arm-none-eabi/lib/armv7e-m/libg_s.a(lib_a-init.o)
 .data          0x00000000        0x0 /opt/Freescale/KDS_v3/toolchain/bin/../lib/gcc/arm-none-eabi/4.8.4/../../../../arm-none-eabi/lib/armv7e-m/libg_s.a(lib_a-init.o)
 .bss           0x00000000        0x0 /opt/Freescale/KDS_v3/toolchain/bin/../lib/gcc/arm-none-eabi/4.8.4/../../../../arm-none-eabi/lib/armv7e-m/libg_s.a(lib_a-init.o)
 .text          0x00000000        0x0 /opt/Freescale/KDS_v3/toolchain/bin/../lib/gcc/arm-none-eabi/4.8.4/../../../../arm-none-eabi/lib/armv7e-m/libg_s.a(lib_a-memset.o)
 .data          0x00000000        0x0 /opt/Freescale/KDS_v3/toolchain/bin/../lib/gcc/arm-none-eabi/4.8.4/../../../../arm-none-eabi/lib/armv7e-m/libg_s.a(lib_a-memset.o)
 .bss           0x00000000        0x0 /opt/Freescale/KDS_v3/toolchain/bin/../lib/gcc/arm-none-eabi/4.8.4/../../../../arm-none-eabi/lib/armv7e-m/libg_s.a(lib_a-memset.o)
 .text          0x00000000        0x0 /opt/Freescale/KDS_v3/toolchain/bin/../lib/gcc/arm-none-eabi/4.8.4/../../../../arm-none-eabi/lib/armv7e-m/libnosys.a(_exit.o)
 .data          0x00000000        0x0 /opt/Freescale/KDS_v3/toolchain/bin/../lib/gcc/arm-none-eabi/4.8.4/../../../../arm-none-eabi/lib/armv7e-m/libnosys.a(_exit.o)
 .bss           0x00000000        0x0 /opt/Freescale/KDS_v3/toolchain/bin/../lib/gcc/arm-none-eabi/4.8.4/../../../../arm-none-eabi/lib/armv7e-m/libnosys.a(_exit.o)
 .text          0x00000000        0x0 /opt/Freescale/KDS_v3/toolchain/bin/../lib/gcc/arm-none-eabi/4.8.4/armv7e-m/crtend.o
 .data          0x00000000        0x0 /opt/Freescale/KDS_v3/toolchain/bin/../lib/gcc/arm-none-eabi/4.8.4/armv7e-m/crtend.o
 .bss           0x00000000        0x0 /opt/Freescale/KDS_v3/toolchain/bin/../lib/gcc/arm-none-eabi/4.8.4/armv7e-m/crtend.o
 .eh_frame      0x00000000        0x4 /opt/Freescale/KDS_v3/toolchain/bin/../lib/gcc/arm-none-eabi/4.8.4/armv7e-m/crtend.o
 .text          0x00000000        0x0 /opt/Freescale/KDS_v3/toolchain/bin/../lib/gcc/arm-none-eabi/4.8.4/armv7e-m/crtn.o
 .data          0x00000000        0x0 /opt/Freescale/KDS_v3/toolchain/bin/../lib/gcc/arm-none-eabi/4.8.4/armv7e-m/crtn.o
 .bss           0x00000000        0x0 /opt/Freescale/KDS_v3/toolchain/bin/../lib/gcc/arm-none-eabi/4.8.4/armv7e-m/crtn.o

Memory Configuration

Name             Origin             Length             Attributes
m_interrupts     0x00000000         0x00000400         xr
m_flash_config   0x00000400         0x00000010         xr
m_fw_version     0x00000410         0x00000004         xr
m_text           0x00000414         0x0007fbec         xr
m_data           0x1fff0000         0x00010000         rw
m_data_2         0x20000000         0x00010000         rw
*default*        0x00000000         0xffffffff

Linker script and memory map

LOAD /opt/Freescale/KDS_v3/toolchain/bin/../lib/gcc/arm-none-eabi/4.8.4/armv7e-m/crti.o
LOAD /opt/Freescale/KDS_v3/toolchain/bin/../lib/gcc/arm-none-eabi/4.8.4/armv7e-m/crtbegin.o
LOAD /opt/Freescale/KDS_v3/toolchain/bin/../lib/gcc/arm-none-eabi/4.8.4/../../../../arm-none-eabi/lib/armv7e-m/crt0.o
LOAD ./utilities/fsl_debug_console.o
LOAD /tmp/cczKa5sY.ltrans0.ltrans.o
LOAD /tmp/cczKa5sY.ltrans1.ltrans.o
LOAD /tmp/cczKa5sY.ltrans2.ltrans.o
LOAD /opt/Freescale/KDS_v3/toolchain/bin/../lib/gcc/arm-none-eabi/4.8.4/armv7e-m/libgcc.a
LOAD /opt/Freescale/KDS_v3/toolchain/bin/../lib/gcc/arm-none-eabi/4.8.4/../../../../arm-none-eabi/lib/armv7e-m/libg_s.a
LOAD /opt/Freescale/KDS_v3/toolchain/bin/../lib/gcc/arm-none-eabi/4.8.4/../../../../arm-none-eabi/lib/armv7e-m/libc_s.a
LOAD /opt/Freescale/KDS_v3/toolchain/bin/../lib/gcc/arm-none-eabi/4.8.4/armv7e-m/libgcc.a
LOAD /opt/Freescale/KDS_v3/toolchain/bin/../lib/gcc/arm-none-eabi/4.8.4/../../../../arm-none-eabi/lib/armv7e-m/libc_s.a
LOAD /opt/Freescale/KDS_v3/toolchain/bin/../lib/gcc/arm-none-eabi/4.8.4/../../../../arm-none-eabi/lib/armv7e-m/libnosys.a
LOAD /opt/Freescale/KDS_v3/toolchain/bin/../lib/gcc/arm-none-eabi/4.8.4/armv7e-m/libgcc.a
LOAD /opt/Freescale/KDS_v3/toolchain/bin/../lib/gcc/arm-none-eabi/4.8.4/../../../../arm-none-eabi/lib/armv7e-m/libc_s.a
LOAD /opt/Freescale/KDS_v3/toolchain/bin/../lib/gcc/arm-none-eabi/4.8.4/../../../../arm-none-eabi/lib/armv7e-m/libnosys.a
LOAD ./utilities/fsl_notifier.o
LOAD ./utilities/fsl_sbrk.o
LOAD ./utilities/fsl_shell.o
LOAD ./startup/startup_MK20D10.o
LOAD ./startup/system_MK20D10.o
LOAD ./source/gpio_ext.o
LOAD ./source/main.o
LOAD ./drivers/fsl_adc16.o
LOAD ./drivers/fsl_clock.o
LOAD ./drivers/fsl_cmp.o
LOAD ./drivers/fsl_cmt.o
LOAD ./drivers/fsl_common.o
LOAD ./drivers/fsl_crc.o
LOAD ./drivers/fsl_dac.o
LOAD ./drivers/fsl_dmamux.o
LOAD ./drivers/fsl_dspi.o
LOAD ./drivers/fsl_edma.o
LOAD ./drivers/fsl_ewm.o
LOAD ./drivers/fsl_flash.o
LOAD ./drivers/fsl_flexbus.o
LOAD ./drivers/fsl_flexcan.o
LOAD ./drivers/fsl_ftm.o
LOAD ./drivers/fsl_gpio.o
LOAD ./drivers/fsl_i2c.o
LOAD ./drivers/fsl_i2c_edma.o
LOAD ./drivers/fsl_llwu.o
LOAD ./drivers/fsl_lptmr.o
LOAD ./drivers/fsl_pdb.o
LOAD ./drivers/fsl_pit.o
LOAD ./drivers/fsl_pmc.o
LOAD ./drivers/fsl_rcm.o
LOAD ./drivers/fsl_rtc.o
LOAD ./drivers/fsl_sai.o
LOAD ./drivers/fsl_sai_edma.o
LOAD ./drivers/fsl_sdhc.o
LOAD ./drivers/fsl_sim.o
LOAD ./drivers/fsl_smc.o
LOAD ./drivers/fsl_sysmpu.o
LOAD ./drivers/fsl_tsi_v2.o
LOAD ./drivers/fsl_uart.o
LOAD ./drivers/fsl_uart_edma.o
LOAD ./drivers/fsl_vref.o
LOAD ./drivers/fsl_wdog.o
LOAD ./board/board.o
LOAD ./board/clock_config.o
LOAD ./board/pin_mux.o
LOAD /opt/Freescale/KDS_v3/toolchain/bin/../lib/gcc/arm-none-eabi/4.8.4/../../../../arm-none-eabi/lib/armv7e-m/libstdc++_s.a
LOAD /opt/Freescale/KDS_v3/toolchain/bin/../lib/gcc/arm-none-eabi/4.8.4/../../../../arm-none-eabi/lib/armv7e-m/libm.a
START GROUP
LOAD /opt/Freescale/KDS_v3/toolchain/bin/../lib/gcc/arm-none-eabi/4.8.4/armv7e-m/libgcc.a
LOAD /opt/Freescale/KDS_v3/toolchain/bin/../lib/gcc/arm-none-eabi/4.8.4/../../../../arm-none-eabi/lib/armv7e-m/libg_s.a
LOAD /opt/Freescale/KDS_v3/toolchain/bin/../lib/gcc/arm-none-eabi/4.8.4/../../../../arm-none-eabi/lib/armv7e-m/libc_s.a
END GROUP
START GROUP
LOAD /opt/Freescale/KDS_v3/toolchain/bin/../lib/gcc/arm-none-eabi/4.8.4/armv7e-m/libgcc.a
LOAD /opt/Freescale/KDS_v3/toolchain/bin/../lib/gcc/arm-none-eabi/4.8.4/../../../../arm-none-eabi/lib/armv7e-m/libc_s.a
LOAD /opt/Freescale/KDS_v3/toolchain/bin/../lib/gcc/arm-none-eabi/4.8.4/../../../../arm-none-eabi/lib/armv7e-m/libnosys.a
END GROUP
START GROUP
LOAD /opt/Freescale/KDS_v3/toolchain/bin/../lib/gcc/arm-none-eabi/4.8.4/armv7e-m/libgcc.a
LOAD /opt/Freescale/KDS_v3/toolchain/bin/../lib/gcc/arm-none-eabi/4.8.4/../../../../arm-none-eabi/lib/armv7e-m/libc_s.a
LOAD /opt/Freescale/KDS_v3/toolchain/bin/../lib/gcc/arm-none-eabi/4.8.4/../../../../arm-none-eabi/lib/armv7e-m/libnosys.a
END GROUP
LOAD /opt/Freescale/KDS_v3/toolchain/bin/../lib/gcc/arm-none-eabi/4.8.4/armv7e-m/crtend.o
LOAD /opt/Freescale/KDS_v3/toolchain/bin/../lib/gcc/arm-none-eabi/4.8.4/armv7e-m/crtn.o
                0x00000400                HEAP_SIZE = DEFINED (__heap_size__)?__heap_size__:0x400
                0x00000400                STACK_SIZE = DEFINED (__stack_size__)?__stack_size__:0x400
                0x00000000                M_VECTOR_RAM_SIZE = DEFINED (__ram_vector_table__)?0x400:0x0

.interrupts     0x00000000      0x400
                0x00000000                __VECTOR_TABLE = .
                0x00000000                . = ALIGN (0x4)
 *(.isr_vector)
 .isr_vector    0x00000000      0x400 ./startup/startup_MK20D10.o
                0x00000000                __isr_vector
                0x00000400                . = ALIGN (0x4)

.flash_config   0x00000400       0x10
                0x00000400                . = ALIGN (0x4)
 *(.FlashConfig)
 .FlashConfig   0x00000400       0x10 ./startup/startup_MK20D10.o
                0x00000410                . = ALIGN (0x4)

.fw_config
 *(.FwVersion)

.text           0x00000414     0x1a50
                0x00000414                . = ALIGN (0x4)
 *(.text)
 .text          0x00000414       0x54 /opt/Freescale/KDS_v3/toolchain/bin/../lib/gcc/arm-none-eabi/4.8.4/armv7e-m/crtbegin.o
 .text          0x00000468       0x74 /opt/Freescale/KDS_v3/toolchain/bin/../lib/gcc/arm-none-eabi/4.8.4/../../../../arm-none-eabi/lib/armv7e-m/crt0.o
                0x00000468                _mainCRTStartup
                0x00000468                _start
 .text          0x000004dc      0x1dc ./startup/startup_MK20D10.o
                0x000004dc                Reset_Handler
                0x00000524                Reserved111_IRQHandler
                0x00000524                DebugMon_Handler
                0x00000524                DMA_Error_DriverIRQHandler
                0x00000524                Reserved114_IRQHandler
                0x00000524                Reserved59_IRQHandler
                0x00000524                PIT0_IRQHandler
                0x00000524                Reserved119_IRQHandler
                0x00000524                CMP2_IRQHandler
                0x00000524                LLWU_IRQHandler
                0x00000524                Reserved116_IRQHandler
                0x00000524                TSI0_IRQHandler
                0x00000524                Reserved92_IRQHandler
                0x00000524                SWI_IRQHandler
                0x00000524                ADC0_IRQHandler
                0x00000524                Reserved39_IRQHandler
                0x00000524                UsageFault_Handler
                0x00000524                CMT_IRQHandler
                0x00000524                DefaultISR
                0x00000524                UART5_ERR_DriverIRQHandler
                0x00000524                CMP1_IRQHandler
                0x00000524                PORTD_IRQHandler
                0x00000524                PORTB_IRQHandler
                0x00000524                UART2_ERR_DriverIRQHandler
                0x00000524                SPI2_DriverIRQHandler
                0x00000524                ADC1_IRQHandler
                0x00000524                PIT2_IRQHandler
                0x00000524                RTC_IRQHandler
                0x00000524                UART3_ERR_DriverIRQHandler
                0x00000524                PDB0_IRQHandler
                0x00000524                FTM1_IRQHandler
                0x00000524                Reserved95_IRQHandler
                0x00000524                PIT3_IRQHandler
                0x00000524                RTC_Seconds_IRQHandler
                0x00000524                MCG_IRQHandler
                0x00000524                Reserved108_IRQHandler
                0x00000524                UART0_ERR_DriverIRQHandler
                0x00000524                Reserved117_IRQHandler
                0x00000524                Read_Collision_IRQHandler
                0x00000524                Reserved102_IRQHandler
                0x00000524                USBDCD_IRQHandler
                0x00000524                USB0_IRQHandler
                0x00000524                UART4_ERR_DriverIRQHandler
                0x00000524                WDOG_EWM_IRQHandler
                0x00000524                MemManage_Handler
                0x00000524                Reserved115_IRQHandler
                0x00000524                UART0_LON_DriverIRQHandler
                0x00000524                Reserved109_IRQHandler
                0x00000524                Reserved91_IRQHandler
                0x00000524                DAC0_IRQHandler
                0x00000524                Reserved118_IRQHandler
                0x00000524                Reserved94_IRQHandler
                0x00000524                Reserved112_IRQHandler
                0x00000524                PIT1_IRQHandler
                0x00000524                LVD_LVW_IRQHandler
                0x00000524                FTM0_IRQHandler
                0x00000524                PORTA_IRQHandler
                0x00000524                DAC1_IRQHandler
                0x00000524                MCM_IRQHandler
                0x00000524                FTFL_IRQHandler
                0x00000524                PORTE_IRQHandler
                0x00000524                FTM2_IRQHandler
                0x00000524                LPTMR0_IRQHandler
                0x00000524                BusFault_Handler
                0x00000524                UART1_ERR_DriverIRQHandler
                0x00000524                Reserved93_IRQHandler
                0x00000524                CMP0_IRQHandler
                0x00000524                PORTC_IRQHandler
                0x00000524                Reserved113_IRQHandler
                0x00000528                NMI_Handler
                0x0000052c                HardFault_Handler
                0x00000530                SVC_Handler
                0x00000534                PendSV_Handler
                0x00000538                SysTick_Handler
                0x0000053c                DMA0_IRQHandler
                0x00000540                DMA1_IRQHandler
                0x00000544                DMA2_IRQHandler
                0x00000548                DMA3_IRQHandler
                0x0000054c                DMA4_IRQHandler
                0x00000550                DMA5_IRQHandler
                0x00000554                DMA6_IRQHandler
                0x00000558                DMA7_IRQHandler
                0x0000055c                DMA8_IRQHandler
                0x00000560                DMA9_IRQHandler
                0x00000564                DMA10_IRQHandler
                0x00000568                DMA11_IRQHandler
                0x0000056c                DMA12_IRQHandler
                0x00000570                DMA13_IRQHandler
                0x00000574                DMA14_IRQHandler
                0x00000578                DMA15_IRQHandler
                0x0000057c                DMA_Error_IRQHandler
                0x00000580                I2C0_IRQHandler
                0x00000584                I2C1_IRQHandler
                0x00000588                SPI0_IRQHandler
                0x0000058c                SPI1_IRQHandler
                0x00000590                SPI2_IRQHandler
                0x00000594                CAN0_ORed_Message_buffer_IRQHandler
                0x00000598                CAN0_Bus_Off_IRQHandler
                0x0000059c                CAN0_Error_IRQHandler
                0x000005a0                CAN0_Tx_Warning_IRQHandler
                0x000005a4                CAN0_Rx_Warning_IRQHandler
                0x000005a8                CAN0_Wake_Up_IRQHandler
                0x000005ac                I2S0_Tx_IRQHandler
                0x000005b0                I2S0_Rx_IRQHandler
                0x000005b4                CAN1_ORed_Message_buffer_IRQHandler
                0x000005b8                CAN1_Bus_Off_IRQHandler
                0x000005bc                CAN1_Error_IRQHandler
                0x000005c0                CAN1_Tx_Warning_IRQHandler
                0x000005c4                CAN1_Rx_Warning_IRQHandler
                0x000005c8                CAN1_Wake_Up_IRQHandler
                0x000005cc                UART0_LON_IRQHandler
                0x000005d0                UART0_RX_TX_IRQHandler
                0x000005d4                UART0_ERR_IRQHandler
                0x000005d8                UART1_RX_TX_IRQHandler
                0x000005dc                UART1_ERR_IRQHandler
                0x000005e0                UART2_RX_TX_IRQHandler
                0x000005e4                UART2_ERR_IRQHandler
                0x000005e8                UART3_RX_TX_IRQHandler
                0x000005ec                UART3_ERR_IRQHandler
                0x000005f0                UART4_RX_TX_IRQHandler
                0x000005f4                UART4_ERR_IRQHandler
                0x000005f8                UART5_RX_TX_IRQHandler
                0x000005fc                UART5_ERR_IRQHandler
                0x00000600                SDHC_IRQHandler
 *(.text*)
 .text.UART_WriteBlocking.4232
                0x000006b8       0x18 /tmp/cczKa5sY.ltrans0.ltrans.o
 .text.DbgConsole_PrintfFormattedData.4044.constprop.16.4431
                0x000006d0      0x3e8 /tmp/cczKa5sY.ltrans0.ltrans.o
 .text.DbgConsole_Printf.4418
                0x00000ab8       0x2c /tmp/cczKa5sY.ltrans0.ltrans.o
 .text.SystemInit
                0x00000ae4       0x1c /tmp/cczKa5sY.ltrans0.ltrans.o
                0x00000ae4                SystemInit
 .text.unlikely.__assert_func
                0x00000b00       0x1c /tmp/cczKa5sY.ltrans0.ltrans.o
                0x00000b00                __assert_func
 .text.SPI0_DriverIRQHandler
                0x00000b1c       0x44 /tmp/cczKa5sY.ltrans0.ltrans.o
                0x00000b1c                SPI0_DriverIRQHandler
 .text.UART_ReadBlocking.4293
                0x00000b60       0x74 /tmp/cczKa5sY.ltrans0.ltrans.o
 .text.unlikely.DSPI_GetInstance.part.1.5973.4405
                0x00000bd4       0x1c /tmp/cczKa5sY.ltrans0.ltrans.o
 .text.CLOCK_GetMcgExtClkFreq.4898.4407
                0x00000bf0       0x44 /tmp/cczKa5sY.ltrans0.ltrans.o
 .text.startup.main
                0x00000c34      0x448 /tmp/cczKa5sY.ltrans0.ltrans.o
                0x00000c34                main
 .text.DMA9_DriverIRQHandler
                0x0000107c       0xb8 /tmp/cczKa5sY.ltrans1.ltrans.o
                0x0000107c                DMA9_DriverIRQHandler
 .text.DMA8_DriverIRQHandler
                0x00001134       0xb8 /tmp/cczKa5sY.ltrans1.ltrans.o
                0x00001134                DMA8_DriverIRQHandler
 .text.DMA7_DriverIRQHandler
                0x000011ec       0xb8 /tmp/cczKa5sY.ltrans1.ltrans.o
                0x000011ec                DMA7_DriverIRQHandler
 .text.DMA6_DriverIRQHandler
                0x000012a4       0xb8 /tmp/cczKa5sY.ltrans1.ltrans.o
                0x000012a4                DMA6_DriverIRQHandler
 .text.DMA5_DriverIRQHandler
                0x0000135c       0xb8 /tmp/cczKa5sY.ltrans1.ltrans.o
                0x0000135c                DMA5_DriverIRQHandler
 .text.DMA4_DriverIRQHandler
                0x00001414       0xb8 /tmp/cczKa5sY.ltrans1.ltrans.o
                0x00001414                DMA4_DriverIRQHandler
 .text.DMA3_DriverIRQHandler
                0x000014cc       0xb8 /tmp/cczKa5sY.ltrans1.ltrans.o
                0x000014cc                DMA3_DriverIRQHandler
 .text.DMA2_DriverIRQHandler
                0x00001584       0xb8 /tmp/cczKa5sY.ltrans1.ltrans.o
                0x00001584                DMA2_DriverIRQHandler
 .text.DMA1_DriverIRQHandler
                0x0000163c       0xb8 /tmp/cczKa5sY.ltrans1.ltrans.o
                0x0000163c                DMA1_DriverIRQHandler
 .text.DMA0_DriverIRQHandler
                0x000016f4       0xb8 /tmp/cczKa5sY.ltrans1.ltrans.o
                0x000016f4                DMA0_DriverIRQHandler
 .text.SPI1_DriverIRQHandler
                0x000017ac       0x44 /tmp/cczKa5sY.ltrans1.ltrans.o
                0x000017ac                SPI1_DriverIRQHandler
 .text.UART5_RX_TX_DriverIRQHandler
                0x000017f0       0x18 /tmp/cczKa5sY.ltrans2.ltrans.o
                0x000017f0                UART5_RX_TX_DriverIRQHandler
 .text.UART4_RX_TX_DriverIRQHandler
                0x00001808       0x18 /tmp/cczKa5sY.ltrans2.ltrans.o
                0x00001808                UART4_RX_TX_DriverIRQHandler
 .text.UART3_RX_TX_DriverIRQHandler
                0x00001820       0x18 /tmp/cczKa5sY.ltrans2.ltrans.o
                0x00001820                UART3_RX_TX_DriverIRQHandler
 .text.UART2_RX_TX_DriverIRQHandler
                0x00001838       0x18 /tmp/cczKa5sY.ltrans2.ltrans.o
                0x00001838                UART2_RX_TX_DriverIRQHandler
 .text.UART1_RX_TX_DriverIRQHandler
                0x00001850       0x18 /tmp/cczKa5sY.ltrans2.ltrans.o
                0x00001850                UART1_RX_TX_DriverIRQHandler
 .text.UART0_RX_TX_DriverIRQHandler
                0x00001868       0x18 /tmp/cczKa5sY.ltrans2.ltrans.o
                0x00001868                UART0_RX_TX_DriverIRQHandler
 .text.SDHC_DriverIRQHandler
                0x00001880       0x1c /tmp/cczKa5sY.ltrans2.ltrans.o
                0x00001880                SDHC_DriverIRQHandler
 .text.I2S0_Rx_DriverIRQHandler
                0x0000189c       0x1c /tmp/cczKa5sY.ltrans2.ltrans.o
                0x0000189c                I2S0_Rx_DriverIRQHandler
 .text.I2S0_Tx_DriverIRQHandler
                0x000018b8       0x1c /tmp/cczKa5sY.ltrans2.ltrans.o
                0x000018b8                I2S0_Tx_DriverIRQHandler
 .text.I2C1_DriverIRQHandler
                0x000018d4       0x40 /tmp/cczKa5sY.ltrans2.ltrans.o
                0x000018d4                I2C1_DriverIRQHandler
 .text.I2C0_DriverIRQHandler
                0x00001914       0x40 /tmp/cczKa5sY.ltrans2.ltrans.o
                0x00001914                I2C0_DriverIRQHandler
 .text.CAN1_DriverIRQHandler
                0x00001954       0x1c /tmp/cczKa5sY.ltrans2.ltrans.o
                0x00001954                CAN1_DriverIRQHandler
 .text.CAN0_DriverIRQHandler
                0x00001970       0x1c /tmp/cczKa5sY.ltrans2.ltrans.o
                0x00001970                CAN0_DriverIRQHandler
 .text.DMA15_DriverIRQHandler
                0x0000198c       0x1c /tmp/cczKa5sY.ltrans2.ltrans.o
                0x0000198c                DMA15_DriverIRQHandler
 .text.DMA14_DriverIRQHandler
                0x000019a8       0x1c /tmp/cczKa5sY.ltrans2.ltrans.o
                0x000019a8                DMA14_DriverIRQHandler
 .text.DMA13_DriverIRQHandler
                0x000019c4       0x1c /tmp/cczKa5sY.ltrans2.ltrans.o
                0x000019c4                DMA13_DriverIRQHandler
 .text.DMA12_DriverIRQHandler
                0x000019e0       0x1c /tmp/cczKa5sY.ltrans2.ltrans.o
                0x000019e0                DMA12_DriverIRQHandler
 .text.DMA11_DriverIRQHandler
                0x000019fc       0x1c /tmp/cczKa5sY.ltrans2.ltrans.o
                0x000019fc                DMA11_DriverIRQHandler
 .text.DMA10_DriverIRQHandler
                0x00001a18       0x1c /tmp/cczKa5sY.ltrans2.ltrans.o
                0x00001a18                DMA10_DriverIRQHandler
 .text.strlen   0x00001a34       0x10 /opt/Freescale/KDS_v3/toolchain/bin/../lib/gcc/arm-none-eabi/4.8.4/../../../../arm-none-eabi/lib/armv7e-m/libg_s.a(lib_a-strlen.o)
                0x00001a34                strlen
 .text.exit     0x00001a44       0x28 /opt/Freescale/KDS_v3/toolchain/bin/../lib/gcc/arm-none-eabi/4.8.4/../../../../arm-none-eabi/lib/armv7e-m/libg_s.a(lib_a-exit.o)
                0x00001a44                exit
 .text.__libc_init_array
                0x00001a6c       0x4c /opt/Freescale/KDS_v3/toolchain/bin/../lib/gcc/arm-none-eabi/4.8.4/../../../../arm-none-eabi/lib/armv7e-m/libg_s.a(lib_a-init.o)
                0x00001a6c                __libc_init_array
 .text.memset   0x00001ab8       0x10 /opt/Freescale/KDS_v3/toolchain/bin/../lib/gcc/arm-none-eabi/4.8.4/../../../../arm-none-eabi/lib/armv7e-m/libg_s.a(lib_a-memset.o)
                0x00001ab8                memset
 .text._exit    0x00001ac8        0x4 /opt/Freescale/KDS_v3/toolchain/bin/../lib/gcc/arm-none-eabi/4.8.4/../../../../arm-none-eabi/lib/armv7e-m/libnosys.a(_exit.o)
                0x00001ac8                _exit
 *(.rodata)
 *(.rodata*)
 .rodata.fllFactorTable.6763.5135.4519
                0x00001acc       0x10 /tmp/cczKa5sY.ltrans0.ltrans.o
 .rodata.__func__.6932.10889.4528
                0x00001adc       0x14 /tmp/cczKa5sY.ltrans0.ltrans.o
 .rodata.__func__.7006.6174.4529
                0x00001af0       0x14 /tmp/cczKa5sY.ltrans0.ltrans.o
 .rodata.__func__.6645.5124.4531
                0x00001b04       0x18 /tmp/cczKa5sY.ltrans0.ltrans.o
 .rodata.__func__.6778.5127.4521
                0x00001b1c       0x14 /tmp/cczKa5sY.ltrans0.ltrans.o
 .rodata.str1.4
                0x00001b30      0x16f /tmp/cczKa5sY.ltrans0.ltrans.o
                                0x170 (size before relaxing)
 *fill*         0x00001c9f        0x1 
 .rodata.__func__.7292.6179.4499
                0x00001ca0       0x18 /tmp/cczKa5sY.ltrans0.ltrans.o
 .rodata.str1.4
                0x00001cb8       0x38 /tmp/cczKa5sY.ltrans1.ltrans.o
                                 0x50 (size before relaxing)
 .rodata.__func__.7296.6180.4233
                0x00001cf0       0x18 /tmp/cczKa5sY.ltrans1.ltrans.o
 .rodata.__func__.7355.10066.4347
                0x00001d08       0x18 /tmp/cczKa5sY.ltrans2.ltrans.o
 .rodata.__func__.7198.7697.4481
                0x00001d20       0x18 /tmp/cczKa5sY.ltrans2.ltrans.o
 .rodata.__func__.7202.7698.4480
                0x00001d38       0x18 /tmp/cczKa5sY.ltrans2.ltrans.o
 .rodata.__func__.7167.9380.4401
                0x00001d50       0x1c /tmp/cczKa5sY.ltrans2.ltrans.o
 .rodata.str1.4
                0x00001d6c       0xac /tmp/cczKa5sY.ltrans2.ltrans.o
                                 0xd4 (size before relaxing)
 .rodata.__func__.7171.9381.4398
                0x00001e18       0x1c /tmp/cczKa5sY.ltrans2.ltrans.o
 .rodata.__func__.7118.6697
                0x00001e34       0x10 /tmp/cczKa5sY.ltrans2.ltrans.o
                0x00001e34                __func__.7118.6697
 .rodata.str1.1
                0x00001e44        0x2 /opt/Freescale/KDS_v3/toolchain/bin/../lib/gcc/arm-none-eabi/4.8.4/../../../../arm-none-eabi/lib/armv7e-m/libg_s.a(lib_a-impure.o)
 *fill*         0x00001e46        0x2 
 .rodata._global_impure_ptr
                0x00001e48        0x4 /opt/Freescale/KDS_v3/toolchain/bin/../lib/gcc/arm-none-eabi/4.8.4/../../../../arm-none-eabi/lib/armv7e-m/libg_s.a(lib_a-impure.o)
                0x00001e48                _global_impure_ptr
 *(.glue_7)
 .glue_7        0x00000000        0x0 linker stubs
 *(.glue_7t)
 .glue_7t       0x00000000        0x0 linker stubs
 *(.eh_frame)
 .eh_frame      0x00001e4c        0x0 /opt/Freescale/KDS_v3/toolchain/bin/../lib/gcc/arm-none-eabi/4.8.4/armv7e-m/crtbegin.o
 *(.init)
 .init          0x00001e4c        0x4 /opt/Freescale/KDS_v3/toolchain/bin/../lib/gcc/arm-none-eabi/4.8.4/armv7e-m/crti.o
                0x00001e4c                _init
 .init          0x00001e50        0x8 /opt/Freescale/KDS_v3/toolchain/bin/../lib/gcc/arm-none-eabi/4.8.4/armv7e-m/crtn.o
 *(.fini)
 .fini          0x00001e58        0x4 /opt/Freescale/KDS_v3/toolchain/bin/../lib/gcc/arm-none-eabi/4.8.4/armv7e-m/crti.o
                0x00001e58                _fini
 .fini          0x00001e5c        0x8 /opt/Freescale/KDS_v3/toolchain/bin/../lib/gcc/arm-none-eabi/4.8.4/armv7e-m/crtn.o
                0x00001e64                . = ALIGN (0x4)

.vfp11_veneer   0x00001e64        0x0
 .vfp11_veneer  0x00000000        0x0 linker stubs

.v4_bx          0x00001e64        0x0
 .v4_bx         0x00000000        0x0 linker stubs

.iplt           0x00001e64        0x0
 .iplt          0x00000000        0x0 /opt/Freescale/KDS_v3/toolchain/bin/../lib/gcc/arm-none-eabi/4.8.4/armv7e-m/crtbegin.o

.ARM.extab
 *(.ARM.extab* .gnu.linkonce.armextab.*)

.ARM            0x00001e64        0x8
                0x00001e64                __exidx_start = .
 *(.ARM.exidx*)
 .ARM.exidx     0x00001e64        0x8 /opt/Freescale/KDS_v3/toolchain/bin/../lib/gcc/arm-none-eabi/4.8.4/../../../../arm-none-eabi/lib/armv7e-m/crt0.o
                0x00001e6c                __exidx_end = .

.rel.dyn        0x00001e6c        0x0
 .rel.iplt      0x00000000        0x0 /opt/Freescale/KDS_v3/toolchain/bin/../lib/gcc/arm-none-eabi/4.8.4/armv7e-m/crtbegin.o

.ctors          0x00001e6c        0x0
                0x00001e6c                __CTOR_LIST__ = .
 *crtbegin.o(.ctors)
 *crtbegin?.o(.ctors)
 *(EXCLUDE_FILE(*crtend.o *crtend?.o) .ctors)
 *(SORT(.ctors.*))
 *(.ctors)
                0x00001e6c                __CTOR_END__ = .

.dtors          0x00001e6c        0x0
                0x00001e6c                __DTOR_LIST__ = .
 *crtbegin.o(.dtors)
 *crtbegin?.o(.dtors)
 *(EXCLUDE_FILE(*crtend.o *crtend?.o) .dtors)
 *(SORT(.dtors.*))
 *(.dtors)
                0x00001e6c                __DTOR_END__ = .

.preinit_array  0x00001e6c        0x0
                0x00001e6c                PROVIDE (__preinit_array_start, .)
 *(.preinit_array*)
                0x00001e6c                PROVIDE (__preinit_array_end, .)

.init_array     0x00001e6c        0x4
                0x00001e6c                PROVIDE (__init_array_start, .)
 *(SORT(.init_array.*))
 *(.init_array*)
 .init_array    0x00001e6c        0x4 /opt/Freescale/KDS_v3/toolchain/bin/../lib/gcc/arm-none-eabi/4.8.4/armv7e-m/crtbegin.o
                0x00001e70                PROVIDE (__init_array_end, .)

.fini_array     0x00001e70        0x4
                0x00001e70                PROVIDE (__fini_array_start, .)
 *(SORT(.fini_array.*))
 *(.fini_array*)
 .fini_array    0x00001e70        0x4 /opt/Freescale/KDS_v3/toolchain/bin/../lib/gcc/arm-none-eabi/4.8.4/armv7e-m/crtbegin.o
                0x00001e74                PROVIDE (__fini_array_end, .)
                0x00001e74                __etext = .
                0x00001e74                __DATA_ROM = .

.interrupts_ram
                0x1fff0000        0x0
                0x1fff0000                . = ALIGN (0x4)
                0x1fff0000                __VECTOR_RAM__ = .
                0x1fff0000                __interrupts_ram_start__ = .
 *(.m_interrupts_ram)
                0x1fff0000                . = (. + M_VECTOR_RAM_SIZE)
                0x1fff0000                . = ALIGN (0x4)
                0x1fff0000                __interrupts_ram_end__ = .
                0x00000000                __VECTOR_RAM = DEFINED (__ram_vector_table__)?__VECTOR_RAM__:ORIGIN (m_interrupts)
                0x00000000                __RAM_VECTOR_TABLE_SIZE_BYTES = DEFINED (__ram_vector_table__)?(__interrupts_ram_end__ - __interrupts_ram_start__):0x0

.data           0x1fff0000       0x68 load address 0x00001e74
                0x1fff0000                . = ALIGN (0x4)
                0x1fff0000                __DATA_RAM = .
                0x1fff0000                __data_start__ = .
 *(.data)
 *(.data*)
 .data.SystemCoreClock
                0x1fff0000        0x4 /tmp/cczKa5sY.ltrans0.ltrans.o
 .data.impure_data
                0x1fff0004       0x60 /opt/Freescale/KDS_v3/toolchain/bin/../lib/gcc/arm-none-eabi/4.8.4/../../../../arm-none-eabi/lib/armv7e-m/libg_s.a(lib_a-impure.o)
 *(.jcr*)
 .jcr           0x1fff0064        0x0 /opt/Freescale/KDS_v3/toolchain/bin/../lib/gcc/arm-none-eabi/4.8.4/armv7e-m/crtbegin.o
 .jcr           0x1fff0064        0x4 /opt/Freescale/KDS_v3/toolchain/bin/../lib/gcc/arm-none-eabi/4.8.4/armv7e-m/crtend.o
                0x1fff0068                . = ALIGN (0x4)
                0x1fff0068                __data_end__ = .
                0x00001edc                __DATA_END = (__DATA_ROM + (__data_end__ - __data_start__))
                0x00080000                text_end = (ORIGIN (m_text) + 0x7fbec)
                0x00000001                ASSERT ((__DATA_END <= text_end), region m_text overflowed with text and data)

.igot.plt       0x1fff0068        0x0 load address 0x00001edc
 .igot.plt      0x00000000        0x0 /opt/Freescale/KDS_v3/toolchain/bin/../lib/gcc/arm-none-eabi/4.8.4/armv7e-m/crtbegin.o

.bss            0x1fff0068       0x8c load address 0x00001edc
                0x1fff0068                . = ALIGN (0x4)
                0x1fff0068                __START_BSS = .
                0x1fff0068                __bss_start__ = .
 *(.bss)
 .bss           0x1fff0068       0x1c /opt/Freescale/KDS_v3/toolchain/bin/../lib/gcc/arm-none-eabi/4.8.4/armv7e-m/crtbegin.o
 *(.bss*)
 .bss.g_xtal0Freq.4470
                0x1fff0084        0x4 /tmp/cczKa5sY.ltrans0.ltrans.o
 .bss.s_debugConsole.4155.4449
                0x1fff0088       0x10 /tmp/cczKa5sY.ltrans0.ltrans.o
 .bss.s_dspiMasterIsr.6185
                0x1fff0098        0x4 /tmp/cczKa5sY.ltrans1.ltrans.o
                0x1fff0098                s_dspiMasterIsr.6185
 .bss.g_dspiHandle.6200
                0x1fff009c        0x8 /tmp/cczKa5sY.ltrans1.ltrans.o
                0x1fff009c                g_dspiHandle.6200
 .bss.s_dspiSlaveIsr.6187
                0x1fff00a4        0x4 /tmp/cczKa5sY.ltrans1.ltrans.o
                0x1fff00a4                s_dspiSlaveIsr.6187
 .bss.s_EDMAHandle.6698
                0x1fff00a8       0x40 /tmp/cczKa5sY.ltrans2.ltrans.o
                0x1fff00a8                s_EDMAHandle.6698
 .bss.s_i2cMasterIsr.8370.4403
                0x1fff00e8        0x4 /tmp/cczKa5sY.ltrans2.ltrans.o
 .bss.s_i2cSlaveIsr.8372.4405
                0x1fff00ec        0x4 /tmp/cczKa5sY.ltrans2.ltrans.o
 .bss.s_uartIsr.10907.4200
                0x1fff00f0        0x4 /tmp/cczKa5sY.ltrans2.ltrans.o
 *(COMMON)
                0x1fff00f4                . = ALIGN (0x4)
                0x1fff00f4                __bss_end__ = .
                0x1fff00f4                __END_BSS = .

.heap           0x20000000      0x400
                0x20000000                . = ALIGN (0x8)
                0x20000000                __end__ = .
                0x20000000                PROVIDE (end, .)
                0x20000000                __HeapBase = .
                0x20000400                . = (. + HEAP_SIZE)
 *fill*         0x20000000      0x400 
                0x20000400                __HeapLimit = .
                0x20000400                __heap_limit = .

.stack          0x20000400      0x400
                0x20000400                . = ALIGN (0x8)
                0x20000800                . = (. + STACK_SIZE)
 *fill*         0x20000400      0x400 
                0x20010000                __StackTop = (ORIGIN (m_data_2) + 0x10000)
                0x2000fc00                __StackLimit = (__StackTop - STACK_SIZE)
                0x20010000                PROVIDE (__stack, __StackTop)

.ARM.attributes
                0x00000000       0x2a
 *(.ARM.attributes)
 .ARM.attributes
                0x00000000       0x1e /opt/Freescale/KDS_v3/toolchain/bin/../lib/gcc/arm-none-eabi/4.8.4/armv7e-m/crti.o
 .ARM.attributes
                0x0000001e       0x2e /opt/Freescale/KDS_v3/toolchain/bin/../lib/gcc/arm-none-eabi/4.8.4/armv7e-m/crtbegin.o
 .ARM.attributes
                0x0000004c       0x1c /opt/Freescale/KDS_v3/toolchain/bin/../lib/gcc/arm-none-eabi/4.8.4/../../../../arm-none-eabi/lib/armv7e-m/crt0.o
 .ARM.attributes
                0x00000068       0x31 /tmp/cczKa5sY.ltrans0.ltrans.o
 .ARM.attributes
                0x00000099       0x31 /tmp/cczKa5sY.ltrans1.ltrans.o
 .ARM.attributes
                0x000000ca       0x31 /tmp/cczKa5sY.ltrans2.ltrans.o
 .ARM.attributes
                0x000000fb       0x2e /opt/Freescale/KDS_v3/toolchain/bin/../lib/gcc/arm-none-eabi/4.8.4/../../../../arm-none-eabi/lib/armv7e-m/libg_s.a(lib_a-strlen.o)
 .ARM.attributes
                0x00000129       0x1b ./startup/startup_MK20D10.o
 .ARM.attributes
                0x00000144       0x2e /opt/Freescale/KDS_v3/toolchain/bin/../lib/gcc/arm-none-eabi/4.8.4/../../../../arm-none-eabi/lib/armv7e-m/libg_s.a(lib_a-exit.o)
 .ARM.attributes
                0x00000172       0x2e /opt/Freescale/KDS_v3/toolchain/bin/../lib/gcc/arm-none-eabi/4.8.4/../../../../arm-none-eabi/lib/armv7e-m/libg_s.a(lib_a-impure.o)
 .ARM.attributes
                0x000001a0       0x2e /opt/Freescale/KDS_v3/toolchain/bin/../lib/gcc/arm-none-eabi/4.8.4/../../../../arm-none-eabi/lib/armv7e-m/libg_s.a(lib_a-init.o)
 .ARM.attributes
                0x000001ce       0x2e /opt/Freescale/KDS_v3/toolchain/bin/../lib/gcc/arm-none-eabi/4.8.4/../../../../arm-none-eabi/lib/armv7e-m/libg_s.a(lib_a-memset.o)
 .ARM.attributes
                0x000001fc       0x2e /opt/Freescale/KDS_v3/toolchain/bin/../lib/gcc/arm-none-eabi/4.8.4/../../../../arm-none-eabi/lib/armv7e-m/libnosys.a(_exit.o)
 .ARM.attributes
                0x0000022a       0x2e /opt/Freescale/KDS_v3/toolchain/bin/../lib/gcc/arm-none-eabi/4.8.4/armv7e-m/crtend.o
 .ARM.attributes
                0x00000258       0x1e /opt/Freescale/KDS_v3/toolchain/bin/../lib/gcc/arm-none-eabi/4.8.4/armv7e-m/crtn.o
                0x00000001                ASSERT ((__StackLimit >= __HeapLimit), region m_data_2 overflowed with stack and heap)
OUTPUT(k20_main.elf elf32-littlearm)

.debug_info     0x00000000     0x5a64
 .debug_info    0x00000000     0x331c /tmp/cczKa5sY.ltrans0.ltrans.o
 .debug_info    0x0000331c     0x1301 /tmp/cczKa5sY.ltrans1.ltrans.o
 .debug_info    0x0000461d     0x13d0 /tmp/cczKa5sY.ltrans2.ltrans.o
 .debug_info    0x000059ed       0x77 ./startup/startup_MK20D10.o

.debug_abbrev   0x00000000      0xb57
 .debug_abbrev  0x00000000      0x5bb /tmp/cczKa5sY.ltrans0.ltrans.o
 .debug_abbrev  0x000005bb      0x2cb /tmp/cczKa5sY.ltrans1.ltrans.o
 .debug_abbrev  0x00000886      0x2bd /tmp/cczKa5sY.ltrans2.ltrans.o
 .debug_abbrev  0x00000b43       0x14 ./startup/startup_MK20D10.o

.debug_loc      0x00000000     0x28b2
 .debug_loc     0x00000000     0x203c /tmp/cczKa5sY.ltrans0.ltrans.o
 .debug_loc     0x0000203c      0x876 /tmp/cczKa5sY.ltrans1.ltrans.o

.debug_aranges  0x00000000      0x1c8
 .debug_aranges
                0x00000000       0x88 /tmp/cczKa5sY.ltrans0.ltrans.o
 .debug_aranges
                0x00000088       0x70 /tmp/cczKa5sY.ltrans1.ltrans.o
 .debug_aranges
                0x000000f8       0xb0 /tmp/cczKa5sY.ltrans2.ltrans.o
 .debug_aranges
                0x000001a8       0x20 ./startup/startup_MK20D10.o

.debug_ranges   0x00000000      0x9c0
 .debug_ranges  0x00000000      0x6b0 /tmp/cczKa5sY.ltrans0.ltrans.o
 .debug_ranges  0x000006b0      0x240 /tmp/cczKa5sY.ltrans1.ltrans.o
 .debug_ranges  0x000008f0       0xd0 /tmp/cczKa5sY.ltrans2.ltrans.o

.debug_line     0x00000000     0x132d
 .debug_line    0x00000000      0x986 /tmp/cczKa5sY.ltrans0.ltrans.o
 .debug_line    0x00000986      0x453 /tmp/cczKa5sY.ltrans1.ltrans.o
 .debug_line    0x00000dd9      0x3ea /tmp/cczKa5sY.ltrans2.ltrans.o
 .debug_line    0x000011c3      0x16a ./startup/startup_MK20D10.o

.debug_str      0x00000000     0x20e1
 .debug_str     0x00000000     0x1816 /tmp/cczKa5sY.ltrans0.ltrans.o
                               0x18b5 (size before relaxing)
 .debug_str     0x00001816      0x46f /tmp/cczKa5sY.ltrans1.ltrans.o
                                0x802 (size before relaxing)
 .debug_str     0x00001c85      0x45c /tmp/cczKa5sY.ltrans2.ltrans.o
                                0x970 (size before relaxing)

.comment        0x00000000       0x70
 .comment       0x00000000       0x70 /tmp/cczKa5sY.ltrans0.ltrans.o
                                 0x71 (size before relaxing)
 .comment       0x00000000       0x71 /tmp/cczKa5sY.ltrans1.ltrans.o
 .comment       0x00000000       0x71 /tmp/cczKa5sY.ltrans2.ltrans.o

.debug_frame    0x00000000      0x54c
 .debug_frame   0x00000000      0x180 /tmp/cczKa5sY.ltrans0.ltrans.o
 .debug_frame   0x00000180      0x140 /tmp/cczKa5sY.ltrans1.ltrans.o
 .debug_frame   0x000002c0      0x1d8 /tmp/cczKa5sY.ltrans2.ltrans.o
 .debug_frame   0x00000498       0x20 /opt/Freescale/KDS_v3/toolchain/bin/../lib/gcc/arm-none-eabi/4.8.4/../../../../arm-none-eabi/lib/armv7e-m/libg_s.a(lib_a-strlen.o)
 .debug_frame   0x000004b8       0x28 /opt/Freescale/KDS_v3/toolchain/bin/../lib/gcc/arm-none-eabi/4.8.4/../../../../arm-none-eabi/lib/armv7e-m/libg_s.a(lib_a-exit.o)
 .debug_frame   0x000004e0       0x2c /opt/Freescale/KDS_v3/toolchain/bin/../lib/gcc/arm-none-eabi/4.8.4/../../../../arm-none-eabi/lib/armv7e-m/libg_s.a(lib_a-init.o)
 .debug_frame   0x0000050c       0x20 /opt/Freescale/KDS_v3/toolchain/bin/../lib/gcc/arm-none-eabi/4.8.4/../../../../arm-none-eabi/lib/armv7e-m/libg_s.a(lib_a-memset.o)
 .debug_frame   0x0000052c       0x20 /opt/Freescale/KDS_v3/toolchain/bin/../lib/gcc/arm-none-eabi/4.8.4/../../../../arm-none-eabi/lib/armv7e-m/libnosys.a(_exit.o)
