Archive member included because of file (symbol)

/opt/Freescale/KDS_v3/toolchain/bin/../lib/gcc/arm-none-eabi/4.8.4/../../../../arm-none-eabi/lib/armv7e-m/libg_s.a(lib_a-errno.o)
                              ./utilities/fsl_sbrk.o (symbol from plugin) (__errno)
/opt/Freescale/KDS_v3/toolchain/bin/../lib/gcc/arm-none-eabi/4.8.4/../../../../arm-none-eabi/lib/armv7e-m/libg_s.a(lib_a-exit.o)
                              /opt/Freescale/KDS_v3/toolchain/bin/../lib/gcc/arm-none-eabi/4.8.4/../../../../arm-none-eabi/lib/armv7e-m/crt0.o (exit)
/opt/Freescale/KDS_v3/toolchain/bin/../lib/gcc/arm-none-eabi/4.8.4/../../../../arm-none-eabi/lib/armv7e-m/libg_s.a(lib_a-impure.o)
                              /opt/Freescale/KDS_v3/toolchain/bin/../lib/gcc/arm-none-eabi/4.8.4/../../../../arm-none-eabi/lib/armv7e-m/libg_s.a(lib_a-exit.o) (_global_impure_ptr)
/opt/Freescale/KDS_v3/toolchain/bin/../lib/gcc/arm-none-eabi/4.8.4/../../../../arm-none-eabi/lib/armv7e-m/libg_s.a(lib_a-init.o)
                              /opt/Freescale/KDS_v3/toolchain/bin/../lib/gcc/arm-none-eabi/4.8.4/../../../../arm-none-eabi/lib/armv7e-m/crt0.o (__libc_init_array)
/opt/Freescale/KDS_v3/toolchain/bin/../lib/gcc/arm-none-eabi/4.8.4/../../../../arm-none-eabi/lib/armv7e-m/libg_s.a(lib_a-memset.o)
                              /opt/Freescale/KDS_v3/toolchain/bin/../lib/gcc/arm-none-eabi/4.8.4/../../../../arm-none-eabi/lib/armv7e-m/crt0.o (memset)
/opt/Freescale/KDS_v3/toolchain/bin/../lib/gcc/arm-none-eabi/4.8.4/../../../../arm-none-eabi/lib/armv7e-m/libnosys.a(_exit.o)
                              /opt/Freescale/KDS_v3/toolchain/bin/../lib/gcc/arm-none-eabi/4.8.4/../../../../arm-none-eabi/lib/armv7e-m/libg_s.a(lib_a-exit.o) (_exit)
/opt/Freescale/KDS_v3/toolchain/bin/../lib/gcc/arm-none-eabi/4.8.4/../../../../arm-none-eabi/lib/armv7e-m/libg_s.a(lib_a-strlen.o)
                              /tmp/ccM5Smfb.ltrans0.ltrans.o (strlen)

Allocating common symbols
Common symbol       size              file

s_saiHandle         0x8               ./drivers/fsl_sai.o (symbol from plugin)
g_xtal32Freq        0x4               ./drivers/fsl_clock.o (symbol from plugin)
g_xtal0Freq         0x4               ./drivers/fsl_clock.o (symbol from plugin)

Discarded input sections

 .text          0x00000000        0x0 /opt/Freescale/KDS_v3/toolchain/bin/../lib/gcc/arm-none-eabi/4.8.4/armv7e-m/crti.o
 .data          0x00000000        0x0 /opt/Freescale/KDS_v3/toolchain/bin/../lib/gcc/arm-none-eabi/4.8.4/armv7e-m/crti.o
 .bss           0x00000000        0x0 /opt/Freescale/KDS_v3/toolchain/bin/../lib/gcc/arm-none-eabi/4.8.4/armv7e-m/crti.o
 .data          0x00000000        0x4 /opt/Freescale/KDS_v3/toolchain/bin/../lib/gcc/arm-none-eabi/4.8.4/armv7e-m/crtbegin.o
 .data          0x00000000        0x0 /opt/Freescale/KDS_v3/toolchain/bin/../lib/gcc/arm-none-eabi/4.8.4/../../../../arm-none-eabi/lib/armv7e-m/crt0.o
 .bss           0x00000000        0x0 /opt/Freescale/KDS_v3/toolchain/bin/../lib/gcc/arm-none-eabi/4.8.4/../../../../arm-none-eabi/lib/armv7e-m/crt0.o
 .ARM.extab     0x00000000        0x0 /opt/Freescale/KDS_v3/toolchain/bin/../lib/gcc/arm-none-eabi/4.8.4/../../../../arm-none-eabi/lib/armv7e-m/crt0.o
 .text          0x00000000        0x0 ./utilities/fsl_debug_console.o (symbol from plugin)
 .text          0x00000000        0x0 /tmp/ccM5Smfb.ltrans0.ltrans.o
 .data          0x00000000        0x0 /tmp/ccM5Smfb.ltrans0.ltrans.o
 .bss           0x00000000        0x0 /tmp/ccM5Smfb.ltrans0.ltrans.o
 .text.DbgConsole_Putchar.4066
                0x00000000       0x28 /tmp/ccM5Smfb.ltrans0.ltrans.o
 .text          0x00000000        0x0 /tmp/ccM5Smfb.ltrans1.ltrans.o
 .data          0x00000000        0x0 /tmp/ccM5Smfb.ltrans1.ltrans.o
 .bss           0x00000000        0x0 /tmp/ccM5Smfb.ltrans1.ltrans.o
 .text          0x00000000        0x0 /tmp/ccM5Smfb.ltrans2.ltrans.o
 .data          0x00000000        0x0 /tmp/ccM5Smfb.ltrans2.ltrans.o
 .bss           0x00000000        0x0 /tmp/ccM5Smfb.ltrans2.ltrans.o
 .text          0x00000000        0x0 /opt/Freescale/KDS_v3/toolchain/bin/../lib/gcc/arm-none-eabi/4.8.4/../../../../arm-none-eabi/lib/armv7e-m/libg_s.a(lib_a-strlen.o)
 .data          0x00000000        0x0 /opt/Freescale/KDS_v3/toolchain/bin/../lib/gcc/arm-none-eabi/4.8.4/../../../../arm-none-eabi/lib/armv7e-m/libg_s.a(lib_a-strlen.o)
 .bss           0x00000000        0x0 /opt/Freescale/KDS_v3/toolchain/bin/../lib/gcc/arm-none-eabi/4.8.4/../../../../arm-none-eabi/lib/armv7e-m/libg_s.a(lib_a-strlen.o)
 .text          0x00000000        0x0 ./utilities/fsl_notifier.o (symbol from plugin)
 .text          0x00000000        0x0 ./utilities/fsl_sbrk.o (symbol from plugin)
 .text          0x00000000        0x0 ./utilities/fsl_shell.o (symbol from plugin)
 .data          0x00000000        0x0 ./startup/startup_MK20D10.o
 .bss           0x00000000        0x0 ./startup/startup_MK20D10.o
 .text          0x00000000        0x0 ./startup/system_MK20D10.o (symbol from plugin)
 .text          0x00000000        0x0 ./source/gpio_ext.o (symbol from plugin)
 .text          0x00000000        0x0 ./source/main.o (symbol from plugin)
 .text          0x00000000        0x0 ./drivers/fsl_adc16.o (symbol from plugin)
 .text          0x00000000        0x0 ./drivers/fsl_clock.o (symbol from plugin)
 .text          0x00000000        0x0 ./drivers/fsl_cmp.o (symbol from plugin)
 .text          0x00000000        0x0 ./drivers/fsl_cmt.o (symbol from plugin)
 .text          0x00000000        0x0 ./drivers/fsl_common.o (symbol from plugin)
 .text          0x00000000        0x0 ./drivers/fsl_crc.o (symbol from plugin)
 .text          0x00000000        0x0 ./drivers/fsl_dac.o (symbol from plugin)
 .text          0x00000000        0x0 ./drivers/fsl_dmamux.o (symbol from plugin)
 .text          0x00000000        0x0 ./drivers/fsl_edma.o (symbol from plugin)
 .text          0x00000000        0x0 ./drivers/fsl_ewm.o (symbol from plugin)
 .text          0x00000000        0x0 ./drivers/fsl_flash.o (symbol from plugin)
 .text          0x00000000        0x0 ./drivers/fsl_flexbus.o (symbol from plugin)
 .text          0x00000000        0x0 ./drivers/fsl_flexcan.o (symbol from plugin)
 .text          0x00000000        0x0 ./drivers/fsl_ftm.o (symbol from plugin)
 .text          0x00000000        0x0 ./drivers/fsl_gpio.o (symbol from plugin)
 .text          0x00000000        0x0 ./drivers/fsl_i2c.o (symbol from plugin)
 .text          0x00000000        0x0 ./drivers/fsl_i2c_edma.o (symbol from plugin)
 .text          0x00000000        0x0 ./drivers/fsl_llwu.o (symbol from plugin)
 .text          0x00000000        0x0 ./drivers/fsl_lptmr.o (symbol from plugin)
 .text          0x00000000        0x0 ./drivers/fsl_pdb.o (symbol from plugin)
 .text          0x00000000        0x0 ./drivers/fsl_pit.o (symbol from plugin)
 .text          0x00000000        0x0 ./drivers/fsl_pmc.o (symbol from plugin)
 .text          0x00000000        0x0 ./drivers/fsl_rcm.o (symbol from plugin)
 .text          0x00000000        0x0 ./drivers/fsl_rtc.o (symbol from plugin)
 .text          0x00000000        0x0 ./drivers/fsl_sai.o (symbol from plugin)
 .text          0x00000000        0x0 ./drivers/fsl_sai_edma.o (symbol from plugin)
 .text          0x00000000        0x0 ./drivers/fsl_sdhc.o (symbol from plugin)
 .text          0x00000000        0x0 ./drivers/fsl_sim.o (symbol from plugin)
 .text          0x00000000        0x0 ./drivers/fsl_smc.o (symbol from plugin)
 .text          0x00000000        0x0 ./drivers/fsl_sysmpu.o (symbol from plugin)
 .text          0x00000000        0x0 ./drivers/fsl_tsi_v2.o (symbol from plugin)
 .text          0x00000000        0x0 ./drivers/fsl_uart.o (symbol from plugin)
 .text          0x00000000        0x0 ./drivers/fsl_uart_edma.o (symbol from plugin)
 .text          0x00000000        0x0 ./drivers/fsl_vref.o (symbol from plugin)
 .text          0x00000000        0x0 ./drivers/fsl_wdog.o (symbol from plugin)
 .text          0x00000000        0x0 ./board/board.o (symbol from plugin)
 .text          0x00000000        0x0 ./board/clock_config.o (symbol from plugin)
 .text          0x00000000        0x0 ./board/pin_mux.o (symbol from plugin)
 .text          0x00000000        0x0 /opt/Freescale/KDS_v3/toolchain/bin/../lib/gcc/arm-none-eabi/4.8.4/../../../../arm-none-eabi/lib/armv7e-m/libg_s.a(lib_a-errno.o)
 .data          0x00000000        0x0 /opt/Freescale/KDS_v3/toolchain/bin/../lib/gcc/arm-none-eabi/4.8.4/../../../../arm-none-eabi/lib/armv7e-m/libg_s.a(lib_a-errno.o)
 .bss           0x00000000        0x0 /opt/Freescale/KDS_v3/toolchain/bin/../lib/gcc/arm-none-eabi/4.8.4/../../../../arm-none-eabi/lib/armv7e-m/libg_s.a(lib_a-errno.o)
 .text.__errno  0x00000000        0xc /opt/Freescale/KDS_v3/toolchain/bin/../lib/gcc/arm-none-eabi/4.8.4/../../../../arm-none-eabi/lib/armv7e-m/libg_s.a(lib_a-errno.o)
 .ARM.attributes
                0x00000000       0x2e /opt/Freescale/KDS_v3/toolchain/bin/../lib/gcc/arm-none-eabi/4.8.4/../../../../arm-none-eabi/lib/armv7e-m/libg_s.a(lib_a-errno.o)
 .debug_frame   0x00000000       0x20 /opt/Freescale/KDS_v3/toolchain/bin/../lib/gcc/arm-none-eabi/4.8.4/../../../../arm-none-eabi/lib/armv7e-m/libg_s.a(lib_a-errno.o)
 .text          0x00000000        0x0 /opt/Freescale/KDS_v3/toolchain/bin/../lib/gcc/arm-none-eabi/4.8.4/../../../../arm-none-eabi/lib/armv7e-m/libg_s.a(lib_a-exit.o)
 .data          0x00000000        0x0 /opt/Freescale/KDS_v3/toolchain/bin/../lib/gcc/arm-none-eabi/4.8.4/../../../../arm-none-eabi/lib/armv7e-m/libg_s.a(lib_a-exit.o)
 .bss           0x00000000        0x0 /opt/Freescale/KDS_v3/toolchain/bin/../lib/gcc/arm-none-eabi/4.8.4/../../../../arm-none-eabi/lib/armv7e-m/libg_s.a(lib_a-exit.o)
 .text          0x00000000        0x0 /opt/Freescale/KDS_v3/toolchain/bin/../lib/gcc/arm-none-eabi/4.8.4/../../../../arm-none-eabi/lib/armv7e-m/libg_s.a(lib_a-impure.o)
 .data          0x00000000        0x0 /opt/Freescale/KDS_v3/toolchain/bin/../lib/gcc/arm-none-eabi/4.8.4/../../../../arm-none-eabi/lib/armv7e-m/libg_s.a(lib_a-impure.o)
 .bss           0x00000000        0x0 /opt/Freescale/KDS_v3/toolchain/bin/../lib/gcc/arm-none-eabi/4.8.4/../../../../arm-none-eabi/lib/armv7e-m/libg_s.a(lib_a-impure.o)
 .data._impure_ptr
                0x00000000        0x4 /opt/Freescale/KDS_v3/toolchain/bin/../lib/gcc/arm-none-eabi/4.8.4/../../../../arm-none-eabi/lib/armv7e-m/libg_s.a(lib_a-impure.o)
 .text          0x00000000        0x0 /opt/Freescale/KDS_v3/toolchain/bin/../lib/gcc/arm-none-eabi/4.8.4/../../../../arm-none-eabi/lib/armv7e-m/libg_s.a(lib_a-init.o)
 .data          0x00000000        0x0 /opt/Freescale/KDS_v3/toolchain/bin/../lib/gcc/arm-none-eabi/4.8.4/../../../../arm-none-eabi/lib/armv7e-m/libg_s.a(lib_a-init.o)
 .bss           0x00000000        0x0 /opt/Freescale/KDS_v3/toolchain/bin/../lib/gcc/arm-none-eabi/4.8.4/../../../../arm-none-eabi/lib/armv7e-m/libg_s.a(lib_a-init.o)
 .text          0x00000000        0x0 /opt/Freescale/KDS_v3/toolchain/bin/../lib/gcc/arm-none-eabi/4.8.4/../../../../arm-none-eabi/lib/armv7e-m/libg_s.a(lib_a-memset.o)
 .data          0x00000000        0x0 /opt/Freescale/KDS_v3/toolchain/bin/../lib/gcc/arm-none-eabi/4.8.4/../../../../arm-none-eabi/lib/armv7e-m/libg_s.a(lib_a-memset.o)
 .bss           0x00000000        0x0 /opt/Freescale/KDS_v3/toolchain/bin/../lib/gcc/arm-none-eabi/4.8.4/../../../../arm-none-eabi/lib/armv7e-m/libg_s.a(lib_a-memset.o)
 .text          0x00000000        0x0 /opt/Freescale/KDS_v3/toolchain/bin/../lib/gcc/arm-none-eabi/4.8.4/../../../../arm-none-eabi/lib/armv7e-m/libnosys.a(_exit.o)
 .data          0x00000000        0x0 /opt/Freescale/KDS_v3/toolchain/bin/../lib/gcc/arm-none-eabi/4.8.4/../../../../arm-none-eabi/lib/armv7e-m/libnosys.a(_exit.o)
 .bss           0x00000000        0x0 /opt/Freescale/KDS_v3/toolchain/bin/../lib/gcc/arm-none-eabi/4.8.4/../../../../arm-none-eabi/lib/armv7e-m/libnosys.a(_exit.o)
 .text          0x00000000        0x0 /opt/Freescale/KDS_v3/toolchain/bin/../lib/gcc/arm-none-eabi/4.8.4/armv7e-m/crtend.o
 .data          0x00000000        0x0 /opt/Freescale/KDS_v3/toolchain/bin/../lib/gcc/arm-none-eabi/4.8.4/armv7e-m/crtend.o
 .bss           0x00000000        0x0 /opt/Freescale/KDS_v3/toolchain/bin/../lib/gcc/arm-none-eabi/4.8.4/armv7e-m/crtend.o
 .eh_frame      0x00000000        0x4 /opt/Freescale/KDS_v3/toolchain/bin/../lib/gcc/arm-none-eabi/4.8.4/armv7e-m/crtend.o
 .text          0x00000000        0x0 /opt/Freescale/KDS_v3/toolchain/bin/../lib/gcc/arm-none-eabi/4.8.4/armv7e-m/crtn.o
 .data          0x00000000        0x0 /opt/Freescale/KDS_v3/toolchain/bin/../lib/gcc/arm-none-eabi/4.8.4/armv7e-m/crtn.o
 .bss           0x00000000        0x0 /opt/Freescale/KDS_v3/toolchain/bin/../lib/gcc/arm-none-eabi/4.8.4/armv7e-m/crtn.o

Memory Configuration

Name             Origin             Length             Attributes
m_interrupts     0x00000000         0x00000400         xr
m_flash_config   0x00000400         0x00000010         xr
m_fw_version     0x00000410         0x00000004         xr
m_text           0x00000414         0x0007fbec         xr
m_data           0x1fff0000         0x00010000         rw
m_data_2         0x20000000         0x00010000         rw
*default*        0x00000000         0xffffffff

Linker script and memory map

LOAD /opt/Freescale/KDS_v3/toolchain/bin/../lib/gcc/arm-none-eabi/4.8.4/armv7e-m/crti.o
LOAD /opt/Freescale/KDS_v3/toolchain/bin/../lib/gcc/arm-none-eabi/4.8.4/armv7e-m/crtbegin.o
LOAD /opt/Freescale/KDS_v3/toolchain/bin/../lib/gcc/arm-none-eabi/4.8.4/../../../../arm-none-eabi/lib/armv7e-m/crt0.o
LOAD ./utilities/fsl_debug_console.o
LOAD /tmp/ccM5Smfb.ltrans0.ltrans.o
LOAD /tmp/ccM5Smfb.ltrans1.ltrans.o
LOAD /tmp/ccM5Smfb.ltrans2.ltrans.o
LOAD /opt/Freescale/KDS_v3/toolchain/bin/../lib/gcc/arm-none-eabi/4.8.4/armv7e-m/libgcc.a
LOAD /opt/Freescale/KDS_v3/toolchain/bin/../lib/gcc/arm-none-eabi/4.8.4/../../../../arm-none-eabi/lib/armv7e-m/libg_s.a
LOAD /opt/Freescale/KDS_v3/toolchain/bin/../lib/gcc/arm-none-eabi/4.8.4/../../../../arm-none-eabi/lib/armv7e-m/libc_s.a
LOAD /opt/Freescale/KDS_v3/toolchain/bin/../lib/gcc/arm-none-eabi/4.8.4/armv7e-m/libgcc.a
LOAD /opt/Freescale/KDS_v3/toolchain/bin/../lib/gcc/arm-none-eabi/4.8.4/../../../../arm-none-eabi/lib/armv7e-m/libc_s.a
LOAD /opt/Freescale/KDS_v3/toolchain/bin/../lib/gcc/arm-none-eabi/4.8.4/../../../../arm-none-eabi/lib/armv7e-m/libnosys.a
LOAD /opt/Freescale/KDS_v3/toolchain/bin/../lib/gcc/arm-none-eabi/4.8.4/armv7e-m/libgcc.a
LOAD /opt/Freescale/KDS_v3/toolchain/bin/../lib/gcc/arm-none-eabi/4.8.4/../../../../arm-none-eabi/lib/armv7e-m/libc_s.a
LOAD /opt/Freescale/KDS_v3/toolchain/bin/../lib/gcc/arm-none-eabi/4.8.4/../../../../arm-none-eabi/lib/armv7e-m/libnosys.a
LOAD ./utilities/fsl_notifier.o
LOAD ./utilities/fsl_sbrk.o
LOAD ./utilities/fsl_shell.o
LOAD ./startup/startup_MK20D10.o
LOAD ./startup/system_MK20D10.o
LOAD ./source/gpio_ext.o
LOAD ./source/main.o
LOAD ./drivers/fsl_adc16.o
LOAD ./drivers/fsl_clock.o
LOAD ./drivers/fsl_cmp.o
LOAD ./drivers/fsl_cmt.o
LOAD ./drivers/fsl_common.o
LOAD ./drivers/fsl_crc.o
LOAD ./drivers/fsl_dac.o
LOAD ./drivers/fsl_dmamux.o
LOAD ./drivers/fsl_edma.o
LOAD ./drivers/fsl_ewm.o
LOAD ./drivers/fsl_flash.o
LOAD ./drivers/fsl_flexbus.o
LOAD ./drivers/fsl_flexcan.o
LOAD ./drivers/fsl_ftm.o
LOAD ./drivers/fsl_gpio.o
LOAD ./drivers/fsl_i2c.o
LOAD ./drivers/fsl_i2c_edma.o
LOAD ./drivers/fsl_llwu.o
LOAD ./drivers/fsl_lptmr.o
LOAD ./drivers/fsl_pdb.o
LOAD ./drivers/fsl_pit.o
LOAD ./drivers/fsl_pmc.o
LOAD ./drivers/fsl_rcm.o
LOAD ./drivers/fsl_rtc.o
LOAD ./drivers/fsl_sai.o
LOAD ./drivers/fsl_sai_edma.o
LOAD ./drivers/fsl_sdhc.o
LOAD ./drivers/fsl_sim.o
LOAD ./drivers/fsl_smc.o
LOAD ./drivers/fsl_sysmpu.o
LOAD ./drivers/fsl_tsi_v2.o
LOAD ./drivers/fsl_uart.o
LOAD ./drivers/fsl_uart_edma.o
LOAD ./drivers/fsl_vref.o
LOAD ./drivers/fsl_wdog.o
LOAD ./board/board.o
LOAD ./board/clock_config.o
LOAD ./board/pin_mux.o
LOAD /opt/Freescale/KDS_v3/toolchain/bin/../lib/gcc/arm-none-eabi/4.8.4/../../../../arm-none-eabi/lib/armv7e-m/libstdc++_s.a
LOAD /opt/Freescale/KDS_v3/toolchain/bin/../lib/gcc/arm-none-eabi/4.8.4/../../../../arm-none-eabi/lib/armv7e-m/libm.a
START GROUP
LOAD /opt/Freescale/KDS_v3/toolchain/bin/../lib/gcc/arm-none-eabi/4.8.4/armv7e-m/libgcc.a
LOAD /opt/Freescale/KDS_v3/toolchain/bin/../lib/gcc/arm-none-eabi/4.8.4/../../../../arm-none-eabi/lib/armv7e-m/libg_s.a
LOAD /opt/Freescale/KDS_v3/toolchain/bin/../lib/gcc/arm-none-eabi/4.8.4/../../../../arm-none-eabi/lib/armv7e-m/libc_s.a
END GROUP
START GROUP
LOAD /opt/Freescale/KDS_v3/toolchain/bin/../lib/gcc/arm-none-eabi/4.8.4/armv7e-m/libgcc.a
LOAD /opt/Freescale/KDS_v3/toolchain/bin/../lib/gcc/arm-none-eabi/4.8.4/../../../../arm-none-eabi/lib/armv7e-m/libc_s.a
LOAD /opt/Freescale/KDS_v3/toolchain/bin/../lib/gcc/arm-none-eabi/4.8.4/../../../../arm-none-eabi/lib/armv7e-m/libnosys.a
END GROUP
START GROUP
LOAD /opt/Freescale/KDS_v3/toolchain/bin/../lib/gcc/arm-none-eabi/4.8.4/armv7e-m/libgcc.a
LOAD /opt/Freescale/KDS_v3/toolchain/bin/../lib/gcc/arm-none-eabi/4.8.4/../../../../arm-none-eabi/lib/armv7e-m/libc_s.a
LOAD /opt/Freescale/KDS_v3/toolchain/bin/../lib/gcc/arm-none-eabi/4.8.4/../../../../arm-none-eabi/lib/armv7e-m/libnosys.a
END GROUP
LOAD /opt/Freescale/KDS_v3/toolchain/bin/../lib/gcc/arm-none-eabi/4.8.4/armv7e-m/crtend.o
LOAD /opt/Freescale/KDS_v3/toolchain/bin/../lib/gcc/arm-none-eabi/4.8.4/armv7e-m/crtn.o
                0x00000400                HEAP_SIZE = DEFINED (__heap_size__)?__heap_size__:0x400
                0x00000400                STACK_SIZE = DEFINED (__stack_size__)?__stack_size__:0x400
                0x00000000                M_VECTOR_RAM_SIZE = DEFINED (__ram_vector_table__)?0x400:0x0

.interrupts     0x00000000      0x400
                0x00000000                __VECTOR_TABLE = .
                0x00000000                . = ALIGN (0x4)
 *(.isr_vector)
 .isr_vector    0x00000000      0x400 ./startup/startup_MK20D10.o
                0x00000000                __isr_vector
                0x00000400                . = ALIGN (0x4)

.flash_config   0x00000400       0x10
                0x00000400                . = ALIGN (0x4)
 *(.FlashConfig)
 .FlashConfig   0x00000400       0x10 ./startup/startup_MK20D10.o
                0x00000410                . = ALIGN (0x4)

.fw_config
 *(.FwVersion)

.text           0x00000414     0x1b48
                0x00000414                . = ALIGN (0x4)
 *(.text)
 .text          0x00000414       0x54 /opt/Freescale/KDS_v3/toolchain/bin/../lib/gcc/arm-none-eabi/4.8.4/armv7e-m/crtbegin.o
 .text          0x00000468       0x74 /opt/Freescale/KDS_v3/toolchain/bin/../lib/gcc/arm-none-eabi/4.8.4/../../../../arm-none-eabi/lib/armv7e-m/crt0.o
                0x00000468                _mainCRTStartup
                0x00000468                _start
 .text          0x000004dc      0x1dc ./startup/startup_MK20D10.o
                0x000004dc                Reset_Handler
                0x00000524                Reserved111_IRQHandler
                0x00000524                DebugMon_Handler
                0x00000524                SPI1_DriverIRQHandler
                0x00000524                DMA_Error_DriverIRQHandler
                0x00000524                Reserved114_IRQHandler
                0x00000524                Reserved59_IRQHandler
                0x00000524                PIT0_IRQHandler
                0x00000524                Reserved119_IRQHandler
                0x00000524                CMP2_IRQHandler
                0x00000524                LLWU_IRQHandler
                0x00000524                Reserved116_IRQHandler
                0x00000524                TSI0_IRQHandler
                0x00000524                Reserved92_IRQHandler
                0x00000524                SWI_IRQHandler
                0x00000524                ADC0_IRQHandler
                0x00000524                Reserved39_IRQHandler
                0x00000524                UsageFault_Handler
                0x00000524                CMT_IRQHandler
                0x00000524                DefaultISR
                0x00000524                UART5_ERR_DriverIRQHandler
                0x00000524                CMP1_IRQHandler
                0x00000524                PORTD_IRQHandler
                0x00000524                PORTB_IRQHandler
                0x00000524                UART2_ERR_DriverIRQHandler
                0x00000524                SPI2_DriverIRQHandler
                0x00000524                ADC1_IRQHandler
                0x00000524                PIT2_IRQHandler
                0x00000524                RTC_IRQHandler
                0x00000524                UART3_ERR_DriverIRQHandler
                0x00000524                PDB0_IRQHandler
                0x00000524                FTM1_IRQHandler
                0x00000524                Reserved95_IRQHandler
                0x00000524                PIT3_IRQHandler
                0x00000524                RTC_Seconds_IRQHandler
                0x00000524                MCG_IRQHandler
                0x00000524                Reserved108_IRQHandler
                0x00000524                UART0_ERR_DriverIRQHandler
                0x00000524                Reserved117_IRQHandler
                0x00000524                Read_Collision_IRQHandler
                0x00000524                Reserved102_IRQHandler
                0x00000524                USBDCD_IRQHandler
                0x00000524                USB0_IRQHandler
                0x00000524                UART4_ERR_DriverIRQHandler
                0x00000524                WDOG_EWM_IRQHandler
                0x00000524                MemManage_Handler
                0x00000524                Reserved115_IRQHandler
                0x00000524                UART0_LON_DriverIRQHandler
                0x00000524                Reserved109_IRQHandler
                0x00000524                Reserved91_IRQHandler
                0x00000524                DAC0_IRQHandler
                0x00000524                Reserved118_IRQHandler
                0x00000524                Reserved94_IRQHandler
                0x00000524                Reserved112_IRQHandler
                0x00000524                SPI0_DriverIRQHandler
                0x00000524                PIT1_IRQHandler
                0x00000524                LVD_LVW_IRQHandler
                0x00000524                FTM0_IRQHandler
                0x00000524                PORTA_IRQHandler
                0x00000524                DAC1_IRQHandler
                0x00000524                MCM_IRQHandler
                0x00000524                FTFL_IRQHandler
                0x00000524                PORTE_IRQHandler
                0x00000524                FTM2_IRQHandler
                0x00000524                LPTMR0_IRQHandler
                0x00000524                BusFault_Handler
                0x00000524                UART1_ERR_DriverIRQHandler
                0x00000524                Reserved93_IRQHandler
                0x00000524                CMP0_IRQHandler
                0x00000524                PORTC_IRQHandler
                0x00000524                Reserved113_IRQHandler
                0x00000528                NMI_Handler
                0x0000052c                HardFault_Handler
                0x00000530                SVC_Handler
                0x00000534                PendSV_Handler
                0x00000538                SysTick_Handler
                0x0000053c                DMA0_IRQHandler
                0x00000540                DMA1_IRQHandler
                0x00000544                DMA2_IRQHandler
                0x00000548                DMA3_IRQHandler
                0x0000054c                DMA4_IRQHandler
                0x00000550                DMA5_IRQHandler
                0x00000554                DMA6_IRQHandler
                0x00000558                DMA7_IRQHandler
                0x0000055c                DMA8_IRQHandler
                0x00000560                DMA9_IRQHandler
                0x00000564                DMA10_IRQHandler
                0x00000568                DMA11_IRQHandler
                0x0000056c                DMA12_IRQHandler
                0x00000570                DMA13_IRQHandler
                0x00000574                DMA14_IRQHandler
                0x00000578                DMA15_IRQHandler
                0x0000057c                DMA_Error_IRQHandler
                0x00000580                I2C0_IRQHandler
                0x00000584                I2C1_IRQHandler
                0x00000588                SPI0_IRQHandler
                0x0000058c                SPI1_IRQHandler
                0x00000590                SPI2_IRQHandler
                0x00000594                CAN0_ORed_Message_buffer_IRQHandler
                0x00000598                CAN0_Bus_Off_IRQHandler
                0x0000059c                CAN0_Error_IRQHandler
                0x000005a0                CAN0_Tx_Warning_IRQHandler
                0x000005a4                CAN0_Rx_Warning_IRQHandler
                0x000005a8                CAN0_Wake_Up_IRQHandler
                0x000005ac                I2S0_Tx_IRQHandler
                0x000005b0                I2S0_Rx_IRQHandler
                0x000005b4                CAN1_ORed_Message_buffer_IRQHandler
                0x000005b8                CAN1_Bus_Off_IRQHandler
                0x000005bc                CAN1_Error_IRQHandler
                0x000005c0                CAN1_Tx_Warning_IRQHandler
                0x000005c4                CAN1_Rx_Warning_IRQHandler
                0x000005c8                CAN1_Wake_Up_IRQHandler
                0x000005cc                UART0_LON_IRQHandler
                0x000005d0                UART0_RX_TX_IRQHandler
                0x000005d4                UART0_ERR_IRQHandler
                0x000005d8                UART1_RX_TX_IRQHandler
                0x000005dc                UART1_ERR_IRQHandler
                0x000005e0                UART2_RX_TX_IRQHandler
                0x000005e4                UART2_ERR_IRQHandler
                0x000005e8                UART3_RX_TX_IRQHandler
                0x000005ec                UART3_ERR_IRQHandler
                0x000005f0                UART4_RX_TX_IRQHandler
                0x000005f4                UART4_ERR_IRQHandler
                0x000005f8                UART5_RX_TX_IRQHandler
                0x000005fc                UART5_ERR_IRQHandler
                0x00000600                SDHC_IRQHandler
 *(.text*)
 .text.UART_WriteBlocking.4089
                0x000006b8       0x18 /tmp/ccM5Smfb.ltrans0.ltrans.o
 .text.DbgConsole_PrintfFormattedData.4044.constprop.9.4297
                0x000006d0      0x3e8 /tmp/ccM5Smfb.ltrans0.ltrans.o
 .text.DbgConsole_Printf.4284
                0x00000ab8       0x2c /tmp/ccM5Smfb.ltrans0.ltrans.o
 .text.DbgConsole_Printf.constprop.8.4287
                0x00000ae4       0x30 /tmp/ccM5Smfb.ltrans0.ltrans.o
 .text.SystemInit
                0x00000b14       0x1c /tmp/ccM5Smfb.ltrans0.ltrans.o
                0x00000b14                SystemInit
 .text.unlikely.__assert_func
                0x00000b30       0x1c /tmp/ccM5Smfb.ltrans0.ltrans.o
                0x00000b30                __assert_func
 .text.UART_ReadBlocking.4151
                0x00000b4c       0x74 /tmp/ccM5Smfb.ltrans0.ltrans.o
 .text.unlikely.GPIO_PinInit.part.1.7450.4271
                0x00000bc0       0x1c /tmp/ccM5Smfb.ltrans0.ltrans.o
 .text.GPIO_PinInit.4244
                0x00000bdc       0x40 /tmp/ccM5Smfb.ltrans0.ltrans.o
 .text.CLOCK_GetMcgExtClkFreq.4728.4273
                0x00000c1c       0x44 /tmp/ccM5Smfb.ltrans0.ltrans.o
 .text.startup.main
                0x00000c60      0x620 /tmp/ccM5Smfb.ltrans0.ltrans.o
                0x00000c60                main
 .text.DMA9_DriverIRQHandler
                0x00001280       0xb8 /tmp/ccM5Smfb.ltrans1.ltrans.o
                0x00001280                DMA9_DriverIRQHandler
 .text.DMA8_DriverIRQHandler
                0x00001338       0xb8 /tmp/ccM5Smfb.ltrans1.ltrans.o
                0x00001338                DMA8_DriverIRQHandler
 .text.DMA7_DriverIRQHandler
                0x000013f0       0xb8 /tmp/ccM5Smfb.ltrans1.ltrans.o
                0x000013f0                DMA7_DriverIRQHandler
 .text.DMA6_DriverIRQHandler
                0x000014a8       0xb8 /tmp/ccM5Smfb.ltrans1.ltrans.o
                0x000014a8                DMA6_DriverIRQHandler
 .text.DMA5_DriverIRQHandler
                0x00001560       0xb8 /tmp/ccM5Smfb.ltrans1.ltrans.o
                0x00001560                DMA5_DriverIRQHandler
 .text.DMA4_DriverIRQHandler
                0x00001618       0xb8 /tmp/ccM5Smfb.ltrans1.ltrans.o
                0x00001618                DMA4_DriverIRQHandler
 .text.DMA3_DriverIRQHandler
                0x000016d0       0xb8 /tmp/ccM5Smfb.ltrans1.ltrans.o
                0x000016d0                DMA3_DriverIRQHandler
 .text.DMA2_DriverIRQHandler
                0x00001788       0xb8 /tmp/ccM5Smfb.ltrans1.ltrans.o
                0x00001788                DMA2_DriverIRQHandler
 .text.DMA1_DriverIRQHandler
                0x00001840       0xb8 /tmp/ccM5Smfb.ltrans1.ltrans.o
                0x00001840                DMA1_DriverIRQHandler
 .text.DMA0_DriverIRQHandler
                0x000018f8       0xb8 /tmp/ccM5Smfb.ltrans1.ltrans.o
                0x000018f8                DMA0_DriverIRQHandler
 .text.UART5_RX_TX_DriverIRQHandler
                0x000019b0       0x18 /tmp/ccM5Smfb.ltrans2.ltrans.o
                0x000019b0                UART5_RX_TX_DriverIRQHandler
 .text.UART4_RX_TX_DriverIRQHandler
                0x000019c8       0x18 /tmp/ccM5Smfb.ltrans2.ltrans.o
                0x000019c8                UART4_RX_TX_DriverIRQHandler
 .text.UART3_RX_TX_DriverIRQHandler
                0x000019e0       0x18 /tmp/ccM5Smfb.ltrans2.ltrans.o
                0x000019e0                UART3_RX_TX_DriverIRQHandler
 .text.UART2_RX_TX_DriverIRQHandler
                0x000019f8       0x18 /tmp/ccM5Smfb.ltrans2.ltrans.o
                0x000019f8                UART2_RX_TX_DriverIRQHandler
 .text.UART1_RX_TX_DriverIRQHandler
                0x00001a10       0x18 /tmp/ccM5Smfb.ltrans2.ltrans.o
                0x00001a10                UART1_RX_TX_DriverIRQHandler
 .text.UART0_RX_TX_DriverIRQHandler
                0x00001a28       0x18 /tmp/ccM5Smfb.ltrans2.ltrans.o
                0x00001a28                UART0_RX_TX_DriverIRQHandler
 .text.SDHC_DriverIRQHandler
                0x00001a40       0x1c /tmp/ccM5Smfb.ltrans2.ltrans.o
                0x00001a40                SDHC_DriverIRQHandler
 .text.I2S0_Rx_DriverIRQHandler
                0x00001a5c       0x1c /tmp/ccM5Smfb.ltrans2.ltrans.o
                0x00001a5c                I2S0_Rx_DriverIRQHandler
 .text.I2S0_Tx_DriverIRQHandler
                0x00001a78       0x1c /tmp/ccM5Smfb.ltrans2.ltrans.o
                0x00001a78                I2S0_Tx_DriverIRQHandler
 .text.I2C1_DriverIRQHandler
                0x00001a94       0x40 /tmp/ccM5Smfb.ltrans2.ltrans.o
                0x00001a94                I2C1_DriverIRQHandler
 .text.I2C0_DriverIRQHandler
                0x00001ad4       0x40 /tmp/ccM5Smfb.ltrans2.ltrans.o
                0x00001ad4                I2C0_DriverIRQHandler
 .text.CAN1_DriverIRQHandler
                0x00001b14       0x1c /tmp/ccM5Smfb.ltrans2.ltrans.o
                0x00001b14                CAN1_DriverIRQHandler
 .text.CAN0_DriverIRQHandler
                0x00001b30       0x1c /tmp/ccM5Smfb.ltrans2.ltrans.o
                0x00001b30                CAN0_DriverIRQHandler
 .text.DMA15_DriverIRQHandler
                0x00001b4c       0x1c /tmp/ccM5Smfb.ltrans2.ltrans.o
                0x00001b4c                DMA15_DriverIRQHandler
 .text.DMA14_DriverIRQHandler
                0x00001b68       0x1c /tmp/ccM5Smfb.ltrans2.ltrans.o
                0x00001b68                DMA14_DriverIRQHandler
 .text.DMA13_DriverIRQHandler
                0x00001b84       0x1c /tmp/ccM5Smfb.ltrans2.ltrans.o
                0x00001b84                DMA13_DriverIRQHandler
 .text.DMA12_DriverIRQHandler
                0x00001ba0       0x1c /tmp/ccM5Smfb.ltrans2.ltrans.o
                0x00001ba0                DMA12_DriverIRQHandler
 .text.DMA11_DriverIRQHandler
                0x00001bbc       0x1c /tmp/ccM5Smfb.ltrans2.ltrans.o
                0x00001bbc                DMA11_DriverIRQHandler
 .text.DMA10_DriverIRQHandler
                0x00001bd8       0x1c /tmp/ccM5Smfb.ltrans2.ltrans.o
                0x00001bd8                DMA10_DriverIRQHandler
 .text.strlen   0x00001bf4       0x10 /opt/Freescale/KDS_v3/toolchain/bin/../lib/gcc/arm-none-eabi/4.8.4/../../../../arm-none-eabi/lib/armv7e-m/libg_s.a(lib_a-strlen.o)
                0x00001bf4                strlen
 .text.exit     0x00001c04       0x28 /opt/Freescale/KDS_v3/toolchain/bin/../lib/gcc/arm-none-eabi/4.8.4/../../../../arm-none-eabi/lib/armv7e-m/libg_s.a(lib_a-exit.o)
                0x00001c04                exit
 .text.__libc_init_array
                0x00001c2c       0x4c /opt/Freescale/KDS_v3/toolchain/bin/../lib/gcc/arm-none-eabi/4.8.4/../../../../arm-none-eabi/lib/armv7e-m/libg_s.a(lib_a-init.o)
                0x00001c2c                __libc_init_array
 .text.memset   0x00001c78       0x10 /opt/Freescale/KDS_v3/toolchain/bin/../lib/gcc/arm-none-eabi/4.8.4/../../../../arm-none-eabi/lib/armv7e-m/libg_s.a(lib_a-memset.o)
                0x00001c78                memset
 .text._exit    0x00001c88        0x4 /opt/Freescale/KDS_v3/toolchain/bin/../lib/gcc/arm-none-eabi/4.8.4/../../../../arm-none-eabi/lib/armv7e-m/libnosys.a(_exit.o)
                0x00001c88                _exit
 *(.rodata)
 .rodata        0x00001c8c        0x4 /tmp/ccM5Smfb.ltrans0.ltrans.o
 *(.rodata*)
 .rodata.fllFactorTable.6763.4965.4356
                0x00001c90       0x10 /tmp/ccM5Smfb.ltrans0.ltrans.o
 .rodata.__func__.6932.10286.4367
                0x00001ca0       0x14 /tmp/ccM5Smfb.ltrans0.ltrans.o
 .rodata.__func__.6645.4954.4370
                0x00001cb4       0x18 /tmp/ccM5Smfb.ltrans0.ltrans.o
 .rodata.str1.4
                0x00001ccc       0xe5 /tmp/ccM5Smfb.ltrans0.ltrans.o
                                 0xe8 (size before relaxing)
 *fill*         0x00001db1        0x3 
 .rodata.__func__.6778.4957.4361
                0x00001db4       0x14 /tmp/ccM5Smfb.ltrans0.ltrans.o
 .rodata.__func__.6664.7466.4368
                0x00001dc8       0x10 /tmp/ccM5Smfb.ltrans0.ltrans.o
 .rodata.str1.4
                0x00001dd8       0x27 /tmp/ccM5Smfb.ltrans1.ltrans.o
                                 0x28 (size before relaxing)
 *fill*         0x00001dff        0x1 
 .rodata.__func__.7355.9463.4346
                0x00001e00       0x18 /tmp/ccM5Smfb.ltrans2.ltrans.o
 .rodata.__func__.7167.8777.4400
                0x00001e18       0x1c /tmp/ccM5Smfb.ltrans2.ltrans.o
 .rodata.__func__.7118.6094
                0x00001e34       0x10 /tmp/ccM5Smfb.ltrans2.ltrans.o
                0x00001e34                __func__.7118.6094
 .rodata.__func__.7171.8778.4397
                0x00001e44       0x1c /tmp/ccM5Smfb.ltrans2.ltrans.o
 .rodata.str1.4
                0x00001e60       0xac /tmp/ccM5Smfb.ltrans2.ltrans.o
                                 0xd4 (size before relaxing)
 .rodata.__func__.7202.7095.4479
                0x00001f0c       0x18 /tmp/ccM5Smfb.ltrans2.ltrans.o
 .rodata.__func__.7198.7094.4480
                0x00001f24       0x18 /tmp/ccM5Smfb.ltrans2.ltrans.o
 .rodata.str1.1
                0x00001f3c        0x2 /opt/Freescale/KDS_v3/toolchain/bin/../lib/gcc/arm-none-eabi/4.8.4/../../../../arm-none-eabi/lib/armv7e-m/libg_s.a(lib_a-impure.o)
 *fill*         0x00001f3e        0x2 
 .rodata._global_impure_ptr
                0x00001f40        0x4 /opt/Freescale/KDS_v3/toolchain/bin/../lib/gcc/arm-none-eabi/4.8.4/../../../../arm-none-eabi/lib/armv7e-m/libg_s.a(lib_a-impure.o)
                0x00001f40                _global_impure_ptr
 *(.glue_7)
 .glue_7        0x00000000        0x0 linker stubs
 *(.glue_7t)
 .glue_7t       0x00000000        0x0 linker stubs
 *(.eh_frame)
 .eh_frame      0x00001f44        0x0 /opt/Freescale/KDS_v3/toolchain/bin/../lib/gcc/arm-none-eabi/4.8.4/armv7e-m/crtbegin.o
 *(.init)
 .init          0x00001f44        0x4 /opt/Freescale/KDS_v3/toolchain/bin/../lib/gcc/arm-none-eabi/4.8.4/armv7e-m/crti.o
                0x00001f44                _init
 .init          0x00001f48        0x8 /opt/Freescale/KDS_v3/toolchain/bin/../lib/gcc/arm-none-eabi/4.8.4/armv7e-m/crtn.o
 *(.fini)
 .fini          0x00001f50        0x4 /opt/Freescale/KDS_v3/toolchain/bin/../lib/gcc/arm-none-eabi/4.8.4/armv7e-m/crti.o
                0x00001f50                _fini
 .fini          0x00001f54        0x8 /opt/Freescale/KDS_v3/toolchain/bin/../lib/gcc/arm-none-eabi/4.8.4/armv7e-m/crtn.o
                0x00001f5c                . = ALIGN (0x4)

.vfp11_veneer   0x00001f5c        0x0
 .vfp11_veneer  0x00000000        0x0 linker stubs

.v4_bx          0x00001f5c        0x0
 .v4_bx         0x00000000        0x0 linker stubs

.iplt           0x00001f5c        0x0
 .iplt          0x00000000        0x0 /opt/Freescale/KDS_v3/toolchain/bin/../lib/gcc/arm-none-eabi/4.8.4/armv7e-m/crtbegin.o

.ARM.extab
 *(.ARM.extab* .gnu.linkonce.armextab.*)

.ARM            0x00001f5c        0x8
                0x00001f5c                __exidx_start = .
 *(.ARM.exidx*)
 .ARM.exidx     0x00001f5c        0x8 /opt/Freescale/KDS_v3/toolchain/bin/../lib/gcc/arm-none-eabi/4.8.4/../../../../arm-none-eabi/lib/armv7e-m/crt0.o
                0x00001f64                __exidx_end = .

.rel.dyn        0x00001f64        0x0
 .rel.iplt      0x00000000        0x0 /opt/Freescale/KDS_v3/toolchain/bin/../lib/gcc/arm-none-eabi/4.8.4/armv7e-m/crtbegin.o

.ctors          0x00001f64        0x0
                0x00001f64                __CTOR_LIST__ = .
 *crtbegin.o(.ctors)
 *crtbegin?.o(.ctors)
 *(EXCLUDE_FILE(*crtend.o *crtend?.o) .ctors)
 *(SORT(.ctors.*))
 *(.ctors)
                0x00001f64                __CTOR_END__ = .

.dtors          0x00001f64        0x0
                0x00001f64                __DTOR_LIST__ = .
 *crtbegin.o(.dtors)
 *crtbegin?.o(.dtors)
 *(EXCLUDE_FILE(*crtend.o *crtend?.o) .dtors)
 *(SORT(.dtors.*))
 *(.dtors)
                0x00001f64                __DTOR_END__ = .

.preinit_array  0x00001f64        0x0
                0x00001f64                PROVIDE (__preinit_array_start, .)
 *(.preinit_array*)
                0x00001f64                PROVIDE (__preinit_array_end, .)

.init_array     0x00001f64        0x4
                0x00001f64                PROVIDE (__init_array_start, .)
 *(SORT(.init_array.*))
 *(.init_array*)
 .init_array    0x00001f64        0x4 /opt/Freescale/KDS_v3/toolchain/bin/../lib/gcc/arm-none-eabi/4.8.4/armv7e-m/crtbegin.o
                0x00001f68                PROVIDE (__init_array_end, .)

.fini_array     0x00001f68        0x4
                0x00001f68                PROVIDE (__fini_array_start, .)
 *(SORT(.fini_array.*))
 *(.fini_array*)
 .fini_array    0x00001f68        0x4 /opt/Freescale/KDS_v3/toolchain/bin/../lib/gcc/arm-none-eabi/4.8.4/armv7e-m/crtbegin.o
                0x00001f6c                PROVIDE (__fini_array_end, .)
                0x00001f6c                __etext = .
                0x00001f6c                __DATA_ROM = .

.interrupts_ram
                0x1fff0000        0x0
                0x1fff0000                . = ALIGN (0x4)
                0x1fff0000                __VECTOR_RAM__ = .
                0x1fff0000                __interrupts_ram_start__ = .
 *(.m_interrupts_ram)
                0x1fff0000                . = (. + M_VECTOR_RAM_SIZE)
                0x1fff0000                . = ALIGN (0x4)
                0x1fff0000                __interrupts_ram_end__ = .
                0x00000000                __VECTOR_RAM = DEFINED (__ram_vector_table__)?__VECTOR_RAM__:ORIGIN (m_interrupts)
                0x00000000                __RAM_VECTOR_TABLE_SIZE_BYTES = DEFINED (__ram_vector_table__)?(__interrupts_ram_end__ - __interrupts_ram_start__):0x0

.data           0x1fff0000      0x248 load address 0x00001f6c
                0x1fff0000                . = ALIGN (0x4)
                0x1fff0000                __DATA_RAM = .
                0x1fff0000                __data_start__ = .
 *(.data)
 *(.data*)
 .data.SystemCoreClock
                0x1fff0000        0x4 /tmp/ccM5Smfb.ltrans0.ltrans.o
 .data.gpio_list
                0x1fff0004      0x1e0 /tmp/ccM5Smfb.ltrans0.ltrans.o
 .data.impure_data
                0x1fff01e4       0x60 /opt/Freescale/KDS_v3/toolchain/bin/../lib/gcc/arm-none-eabi/4.8.4/../../../../arm-none-eabi/lib/armv7e-m/libg_s.a(lib_a-impure.o)
 *(.jcr*)
 .jcr           0x1fff0244        0x0 /opt/Freescale/KDS_v3/toolchain/bin/../lib/gcc/arm-none-eabi/4.8.4/armv7e-m/crtbegin.o
 .jcr           0x1fff0244        0x4 /opt/Freescale/KDS_v3/toolchain/bin/../lib/gcc/arm-none-eabi/4.8.4/armv7e-m/crtend.o
                0x1fff0248                . = ALIGN (0x4)
                0x1fff0248                __data_end__ = .
                0x000021b4                __DATA_END = (__DATA_ROM + (__data_end__ - __data_start__))
                0x00080000                text_end = (ORIGIN (m_text) + 0x7fbec)
                0x00000001                ASSERT ((__DATA_END <= text_end), region m_text overflowed with text and data)

.igot.plt       0x1fff0248        0x0 load address 0x000021b4
 .igot.plt      0x00000000        0x0 /opt/Freescale/KDS_v3/toolchain/bin/../lib/gcc/arm-none-eabi/4.8.4/armv7e-m/crtbegin.o

.bss            0x1fff0248       0x7c load address 0x000021b4
                0x1fff0248                . = ALIGN (0x4)
                0x1fff0248                __START_BSS = .
                0x1fff0248                __bss_start__ = .
 *(.bss)
 .bss           0x1fff0248       0x1c /opt/Freescale/KDS_v3/toolchain/bin/../lib/gcc/arm-none-eabi/4.8.4/armv7e-m/crtbegin.o
 *(.bss*)
 .bss.g_xtal0Freq.4341
                0x1fff0264        0x4 /tmp/ccM5Smfb.ltrans0.ltrans.o
 .bss.s_debugConsole.4155.4308
                0x1fff0268       0x10 /tmp/ccM5Smfb.ltrans0.ltrans.o
 .bss.s_uartIsr.10304.4200
                0x1fff0278        0x4 /tmp/ccM5Smfb.ltrans2.ltrans.o
 .bss.s_i2cMasterIsr.7767.4402
                0x1fff027c        0x4 /tmp/ccM5Smfb.ltrans2.ltrans.o
 .bss.s_i2cSlaveIsr.7769.4404
                0x1fff0280        0x4 /tmp/ccM5Smfb.ltrans2.ltrans.o
 .bss.s_EDMAHandle.6095
                0x1fff0284       0x40 /tmp/ccM5Smfb.ltrans2.ltrans.o
                0x1fff0284                s_EDMAHandle.6095
 *(COMMON)
                0x1fff02c4                . = ALIGN (0x4)
                0x1fff02c4                __bss_end__ = .
                0x1fff02c4                __END_BSS = .

.heap           0x20000000      0x400
                0x20000000                . = ALIGN (0x8)
                0x20000000                __end__ = .
                0x20000000                PROVIDE (end, .)
                0x20000000                __HeapBase = .
                0x20000400                . = (. + HEAP_SIZE)
 *fill*         0x20000000      0x400 
                0x20000400                __HeapLimit = .
                0x20000400                __heap_limit = .

.stack          0x20000400      0x400
                0x20000400                . = ALIGN (0x8)
                0x20000800                . = (. + STACK_SIZE)
 *fill*         0x20000400      0x400 
                0x20010000                __StackTop = (ORIGIN (m_data_2) + 0x10000)
                0x2000fc00                __StackLimit = (__StackTop - STACK_SIZE)
                0x20010000                PROVIDE (__stack, __StackTop)

.ARM.attributes
                0x00000000       0x2a
 *(.ARM.attributes)
 .ARM.attributes
                0x00000000       0x1e /opt/Freescale/KDS_v3/toolchain/bin/../lib/gcc/arm-none-eabi/4.8.4/armv7e-m/crti.o
 .ARM.attributes
                0x0000001e       0x2e /opt/Freescale/KDS_v3/toolchain/bin/../lib/gcc/arm-none-eabi/4.8.4/armv7e-m/crtbegin.o
 .ARM.attributes
                0x0000004c       0x1c /opt/Freescale/KDS_v3/toolchain/bin/../lib/gcc/arm-none-eabi/4.8.4/../../../../arm-none-eabi/lib/armv7e-m/crt0.o
 .ARM.attributes
                0x00000068       0x31 /tmp/ccM5Smfb.ltrans0.ltrans.o
 .ARM.attributes
                0x00000099       0x31 /tmp/ccM5Smfb.ltrans1.ltrans.o
 .ARM.attributes
                0x000000ca       0x31 /tmp/ccM5Smfb.ltrans2.ltrans.o
 .ARM.attributes
                0x000000fb       0x2e /opt/Freescale/KDS_v3/toolchain/bin/../lib/gcc/arm-none-eabi/4.8.4/../../../../arm-none-eabi/lib/armv7e-m/libg_s.a(lib_a-strlen.o)
 .ARM.attributes
                0x00000129       0x1b ./startup/startup_MK20D10.o
 .ARM.attributes
                0x00000144       0x2e /opt/Freescale/KDS_v3/toolchain/bin/../lib/gcc/arm-none-eabi/4.8.4/../../../../arm-none-eabi/lib/armv7e-m/libg_s.a(lib_a-exit.o)
 .ARM.attributes
                0x00000172       0x2e /opt/Freescale/KDS_v3/toolchain/bin/../lib/gcc/arm-none-eabi/4.8.4/../../../../arm-none-eabi/lib/armv7e-m/libg_s.a(lib_a-impure.o)
 .ARM.attributes
                0x000001a0       0x2e /opt/Freescale/KDS_v3/toolchain/bin/../lib/gcc/arm-none-eabi/4.8.4/../../../../arm-none-eabi/lib/armv7e-m/libg_s.a(lib_a-init.o)
 .ARM.attributes
                0x000001ce       0x2e /opt/Freescale/KDS_v3/toolchain/bin/../lib/gcc/arm-none-eabi/4.8.4/../../../../arm-none-eabi/lib/armv7e-m/libg_s.a(lib_a-memset.o)
 .ARM.attributes
                0x000001fc       0x2e /opt/Freescale/KDS_v3/toolchain/bin/../lib/gcc/arm-none-eabi/4.8.4/../../../../arm-none-eabi/lib/armv7e-m/libnosys.a(_exit.o)
 .ARM.attributes
                0x0000022a       0x2e /opt/Freescale/KDS_v3/toolchain/bin/../lib/gcc/arm-none-eabi/4.8.4/armv7e-m/crtend.o
 .ARM.attributes
                0x00000258       0x1e /opt/Freescale/KDS_v3/toolchain/bin/../lib/gcc/arm-none-eabi/4.8.4/armv7e-m/crtn.o
                0x00000001                ASSERT ((__StackLimit >= __HeapLimit), region m_data_2 overflowed with stack and heap)
OUTPUT(k20_main.elf elf32-littlearm)

.debug_info     0x00000000     0x4e27
 .debug_info    0x00000000     0x2c7c /tmp/ccM5Smfb.ltrans0.ltrans.o
 .debug_info    0x00002c7c      0xd64 /tmp/ccM5Smfb.ltrans1.ltrans.o
 .debug_info    0x000039e0     0x13d0 /tmp/ccM5Smfb.ltrans2.ltrans.o
 .debug_info    0x00004db0       0x77 ./startup/startup_MK20D10.o

.debug_abbrev   0x00000000      0xa47
 .debug_abbrev  0x00000000      0x54b /tmp/ccM5Smfb.ltrans0.ltrans.o
 .debug_abbrev  0x0000054b      0x22b /tmp/ccM5Smfb.ltrans1.ltrans.o
 .debug_abbrev  0x00000776      0x2bd /tmp/ccM5Smfb.ltrans2.ltrans.o
 .debug_abbrev  0x00000a33       0x14 ./startup/startup_MK20D10.o

.debug_loc      0x00000000     0x29c2
 .debug_loc     0x00000000     0x21a2 /tmp/ccM5Smfb.ltrans0.ltrans.o
 .debug_loc     0x000021a2      0x820 /tmp/ccM5Smfb.ltrans1.ltrans.o

.debug_aranges  0x00000000      0x1b0
 .debug_aranges
                0x00000000       0x78 /tmp/ccM5Smfb.ltrans0.ltrans.o
 .debug_aranges
                0x00000078       0x68 /tmp/ccM5Smfb.ltrans1.ltrans.o
 .debug_aranges
                0x000000e0       0xb0 /tmp/ccM5Smfb.ltrans2.ltrans.o
 .debug_aranges
                0x00000190       0x20 ./startup/startup_MK20D10.o

.debug_ranges   0x00000000      0xa90
 .debug_ranges  0x00000000      0x788 /tmp/ccM5Smfb.ltrans0.ltrans.o
 .debug_ranges  0x00000788      0x238 /tmp/ccM5Smfb.ltrans1.ltrans.o
 .debug_ranges  0x000009c0       0xd0 /tmp/ccM5Smfb.ltrans2.ltrans.o

.debug_line     0x00000000     0x11fc
 .debug_line    0x00000000      0x9bd /tmp/ccM5Smfb.ltrans0.ltrans.o
 .debug_line    0x000009bd      0x348 /tmp/ccM5Smfb.ltrans1.ltrans.o
 .debug_line    0x00000d05      0x38d /tmp/ccM5Smfb.ltrans2.ltrans.o
 .debug_line    0x00001092      0x16a ./startup/startup_MK20D10.o

.debug_str      0x00000000     0x1975
 .debug_str     0x00000000     0x11d0 /tmp/ccM5Smfb.ltrans0.ltrans.o
                               0x1256 (size before relaxing)
 .debug_str     0x000011d0      0x33b /tmp/ccM5Smfb.ltrans1.ltrans.o
                                0x539 (size before relaxing)
 .debug_str     0x0000150b      0x46a /tmp/ccM5Smfb.ltrans2.ltrans.o
                                0x970 (size before relaxing)

.comment        0x00000000       0x70
 .comment       0x00000000       0x70 /tmp/ccM5Smfb.ltrans0.ltrans.o
                                 0x71 (size before relaxing)
 .comment       0x00000000       0x71 /tmp/ccM5Smfb.ltrans1.ltrans.o
 .comment       0x00000000       0x71 /tmp/ccM5Smfb.ltrans2.ltrans.o

.debug_frame    0x00000000      0x50c
 .debug_frame   0x00000000      0x158 /tmp/ccM5Smfb.ltrans0.ltrans.o
 .debug_frame   0x00000158      0x128 /tmp/ccM5Smfb.ltrans1.ltrans.o
 .debug_frame   0x00000280      0x1d8 /tmp/ccM5Smfb.ltrans2.ltrans.o
 .debug_frame   0x00000458       0x20 /opt/Freescale/KDS_v3/toolchain/bin/../lib/gcc/arm-none-eabi/4.8.4/../../../../arm-none-eabi/lib/armv7e-m/libg_s.a(lib_a-strlen.o)
 .debug_frame   0x00000478       0x28 /opt/Freescale/KDS_v3/toolchain/bin/../lib/gcc/arm-none-eabi/4.8.4/../../../../arm-none-eabi/lib/armv7e-m/libg_s.a(lib_a-exit.o)
 .debug_frame   0x000004a0       0x2c /opt/Freescale/KDS_v3/toolchain/bin/../lib/gcc/arm-none-eabi/4.8.4/../../../../arm-none-eabi/lib/armv7e-m/libg_s.a(lib_a-init.o)
 .debug_frame   0x000004cc       0x20 /opt/Freescale/KDS_v3/toolchain/bin/../lib/gcc/arm-none-eabi/4.8.4/../../../../arm-none-eabi/lib/armv7e-m/libg_s.a(lib_a-memset.o)
 .debug_frame   0x000004ec       0x20 /opt/Freescale/KDS_v3/toolchain/bin/../lib/gcc/arm-none-eabi/4.8.4/../../../../arm-none-eabi/lib/armv7e-m/libnosys.a(_exit.o)
